
systena@PCK-140-246 MINGW64 ~/llama.cpp-dev
$ ./llama.cpp_build/llama.cpp_b3707/llama-cli.exe -m ./model/Llama-3-ELYZA-JP-8B-GGUF/Llama-3-ELYZA-JP-8B-q4_k_m.gguf --color -i -n 1024 -i --seed 42 -p "you are a helpful assistant" -cnv
Log start
main: build = 3707 (daa9623a)
main: built with cc.exe (Rev1, Built by MSYS2 project) 14.2.0 for x86_64-w64-mingw32
main: seed = 42
llama_model_loader: loaded meta data with 22 key-value pairs and 291 tensors from ./model/Llama-3-ELYZA-JP-8B-GGUF/Llama-3-ELYZA-JP-8B-q4_k_m.gguf (version GGUF V3 (latest))
llama_model_loader: Dumping metadata keys/values. Note: KV overrides do not apply in this output.
llama_model_loader: - kv   0:                       general.architecture str              = llama
llama_model_loader: - kv   1:                               general.name str              = Llama-3-8B-optimal-merged-stage2
llama_model_loader: - kv   2:                          llama.block_count u32              = 32
llama_model_loader: - kv   3:                       llama.context_length u32              = 8192
llama_model_loader: - kv   4:                     llama.embedding_length u32              = 4096
llama_model_loader: - kv   5:                  llama.feed_forward_length u32              = 14336
llama_model_loader: - kv   6:                 llama.attention.head_count u32              = 32
llama_model_loader: - kv   7:              llama.attention.head_count_kv u32              = 8
llama_model_loader: - kv   8:                       llama.rope.freq_base f32              = 500000.000000
llama_model_loader: - kv   9:     llama.attention.layer_norm_rms_epsilon f32              = 0.000010
llama_model_loader: - kv  10:                          general.file_type u32              = 15
llama_model_loader: - kv  11:                           llama.vocab_size u32              = 128256
llama_model_loader: - kv  12:                 llama.rope.dimension_count u32              = 128
llama_model_loader: - kv  13:                       tokenizer.ggml.model str              = gpt2
llama_model_loader: - kv  14:                         tokenizer.ggml.pre str              = llama-bpe
llama_model_loader: - kv  15:                      tokenizer.ggml.tokens arr[str,128256]  = ["!", "\"", "#", "$", "%", "&", "'", ...
llama_model_loader: - kv  16:                  tokenizer.ggml.token_type arr[i32,128256]  = [1, 1, 1, 1, 1, 1, 1, 1, 1, 1, 1, 1, ...
llama_model_loader: - kv  17:                      tokenizer.ggml.merges arr[str,280147]  = ["Ġ Ġ", "Ġ ĠĠĠ", "ĠĠ ĠĠ", "...
llama_model_loader: - kv  18:                tokenizer.ggml.bos_token_id u32              = 128000
llama_model_loader: - kv  19:                tokenizer.ggml.eos_token_id u32              = 128009
llama_model_loader: - kv  20:                    tokenizer.chat_template str              = {% set loop_messages = messages %}{% ...
llama_model_loader: - kv  21:               general.quantization_version u32              = 2
llama_model_loader: - type  f32:   65 tensors
llama_model_loader: - type q4_K:  193 tensors
llama_model_loader: - type q6_K:   33 tensors
llm_load_vocab: special tokens cache size = 256
llm_load_vocab: token to piece cache size = 0.8000 MB
llm_load_print_meta: format           = GGUF V3 (latest)
llm_load_print_meta: arch             = llama
llm_load_print_meta: vocab type       = BPE
llm_load_print_meta: n_vocab          = 128256
llm_load_print_meta: n_merges         = 280147
llm_load_print_meta: vocab_only       = 0
llm_load_print_meta: n_ctx_train      = 8192
llm_load_print_meta: n_embd           = 4096
llm_load_print_meta: n_layer          = 32
llm_load_print_meta: n_head           = 32
llm_load_print_meta: n_head_kv        = 8
llm_load_print_meta: n_rot            = 128
llm_load_print_meta: n_swa            = 0
llm_load_print_meta: n_embd_head_k    = 128
llm_load_print_meta: n_embd_head_v    = 128
llm_load_print_meta: n_gqa            = 4
llm_load_print_meta: n_embd_k_gqa     = 1024
llm_load_print_meta: n_embd_v_gqa     = 1024
llm_load_print_meta: f_norm_eps       = 0.0e+00
llm_load_print_meta: f_norm_rms_eps   = 1.0e-05
llm_load_print_meta: f_clamp_kqv      = 0.0e+00
llm_load_print_meta: f_max_alibi_bias = 0.0e+00
llm_load_print_meta: f_logit_scale    = 0.0e+00
llm_load_print_meta: n_ff             = 14336
llm_load_print_meta: n_expert         = 0
llm_load_print_meta: n_expert_used    = 0
llm_load_print_meta: causal attn      = 1
llm_load_print_meta: pooling type     = 0
llm_load_print_meta: rope type        = 0
llm_load_print_meta: rope scaling     = linear
llm_load_print_meta: freq_base_train  = 500000.0
llm_load_print_meta: freq_scale_train = 1
llm_load_print_meta: n_ctx_orig_yarn  = 8192
llm_load_print_meta: rope_finetuned   = unknown
llm_load_print_meta: ssm_d_conv       = 0
llm_load_print_meta: ssm_d_inner      = 0
llm_load_print_meta: ssm_d_state      = 0
llm_load_print_meta: ssm_dt_rank      = 0
llm_load_print_meta: ssm_dt_b_c_rms   = 0
llm_load_print_meta: model type       = 8B
llm_load_print_meta: model ftype      = Q4_K - Medium
llm_load_print_meta: model params     = 8.03 B
llm_load_print_meta: model size       = 4.58 GiB (4.89 BPW)
llm_load_print_meta: general.name     = Llama-3-8B-optimal-merged-stage2
llm_load_print_meta: BOS token        = 128000 '<|begin_of_text|>'
llm_load_print_meta: EOS token        = 128009 '<|eot_id|>'
llm_load_print_meta: LF token         = 128 'Ä'
llm_load_print_meta: EOT token        = 128009 '<|eot_id|>'
llm_load_print_meta: max token length = 256
llm_load_tensors: ggml ctx size =    0.14 MiB
llm_load_tensors:        CPU buffer size =  4685.30 MiB
........................................................................................
llama_new_context_with_model: n_ctx      = 8192
llama_new_context_with_model: n_batch    = 2048
llama_new_context_with_model: n_ubatch   = 512
llama_new_context_with_model: flash_attn = 0
llama_new_context_with_model: freq_base  = 500000.0
llama_new_context_with_model: freq_scale = 1
llama_kv_cache_init:        CPU KV buffer size =  1024.00 MiB
llama_new_context_with_model: KV self size  = 1024.00 MiB, K (f16):  512.00 MiB, V (f16):  512.00 MiB
llama_new_context_with_model:        CPU  output buffer size =     0.49 MiB
llama_new_context_with_model:        CPU compute buffer size =   560.01 MiB
llama_new_context_with_model: graph nodes  = 1030
llama_new_context_with_model: graph splits = 514
main: chat template example: <|start_header_id|>system<|end_header_id|>

You are a helpful assistant<|eot_id|><|start_header_id|>user<|end_header_id|>

Hello<|eot_id|><|start_header_id|>assistant<|end_header_id|>

Hi there<|eot_id|><|start_header_id|>user<|end_header_id|>

How are you?<|eot_id|><|start_header_id|>assistant<|end_header_id|>



system_info: n_threads = 4 (n_threads_batch = 4) / 8 | AVX = 1 | AVX_VNNI = 0 | AVX2 = 1 | AVX512 = 1 | AVX512_VBMI = 1 | AVX512_VNNI = 1 | AVX512_BF16 = 0 | FMA = 1 | NEON = 0 | SVE = 0 | ARM_FMA = 0 | F16C = 1 | FP16_VA = 0 | WASM_SIMD = 0 | BLAS = 1 | SSE3 = 1 | SSSE3 = 1 | VSX = 0 | MATMUL_INT8 = 0 | LLAMAFILE = 1 |
main: interactive mode on.
sampling params:
        repeat_last_n = 64, repeat_penalty = 1.000, frequency_penalty = 0.000, presence_penalty = 0.000
        top_k = 40, tfs_z = 1.000, top_p = 0.950, min_p = 0.050, typical_p = 1.000, temp = 0.800
        mirostat = 0, mirostat_lr = 0.100, mirostat_ent = 5.000
 sampler constr:
        logits -> logit-bias -> penalties -> top-k -> tail-free -> typical -> top-p -> min-p -> temp-ext -> softmax -> dist
generate: n_ctx = 8192, n_batch = 2048, n_predict = 1024, n_keep = 1


== Running in interactive mode. ==
 - Press Ctrl+C to interject at any time.
 - Press Return to return control to the AI.
 - To return control without starting a new line, end your input with '/'.
 - If you want to submit another line, end your input with '\'.

system

you are a helpful assistant


> 量子力学について日本語20文字以内で教えて下さい。
「量子力学」は、原子や子粒子を研究対象にした物理学の一分野です。

>
llama_perf_print:    sampling time =       3.63 ms /    54 runs   (    0.07 ms per token, 14884.23 tokens per second)
llama_perf_print:        load time =    1262.94 ms
llama_perf_print: prompt eval time =   18274.12 ms /    37 tokens (  493.90 ms per token,     2.02 tokens per second)
llama_perf_print:        eval time =    3799.72 ms /    27 runs   (  140.73 ms per token,     7.11 tokens per second)
llama_perf_print:       total time =   24824.90 ms /    64 tokens

systena@PCK-140-246 MINGW64 ~/llama.cpp-dev
$ uname -a
MINGW64_NT-10.0-22631 PCK-140-246 3.5.4-0bc1222b.x86_64 2024-09-04 18:28 UTC x86_64 Msys

systena@PCK-140-246 MINGW64 ~/llama.cpp-dev
$ python -V
Python 3.12.1

systena@PCK-140-246 MINGW64 ~/llama.cpp-dev
$ pip list
bash: pip: コマンドが見つかりません

systena@PCK-140-246 MINGW64 ~/llama.cpp-dev
$ gcc -v
Using built-in specs.
COLLECT_GCC=C:\msys64\mingw64\bin\gcc.exe
COLLECT_LTO_WRAPPER=C:/msys64/mingw64/bin/../lib/gcc/x86_64-w64-mingw32/14.2.0/lto-wrapper.exe
Target: x86_64-w64-mingw32
Configured with: ../gcc-14.2.0/configure --prefix=/mingw64 --with-local-prefix=/mingw64/local --build=x86_64-w64-mingw32 --host=x86_64-w64-mingw32 --target=x86_64-w64-mingw32 --with-native-system-header-dir=/mingw64/include --libexecdir=/mingw64/lib --enable-bootstrap --enable-checking=release --with-arch=nocona --with-tune=generic --enable-languages=c,lto,c++,fortran,ada,objc,obj-c++,rust,jit --enable-shared --enable-static --enable-libatomic --enable-threads=posix --enable-graphite --enable-fully-dynamic-string --enable-libstdcxx-filesystem-ts --enable-libstdcxx-time --disable-libstdcxx-pch --enable-lto --enable-libgomp --disable-libssp --disable-multilib --disable-rpath --disable-win32-registry --disable-nls --disable-werror --disable-symvers --with-libiconv --with-system-zlib --with-gmp=/mingw64 --with-mpfr=/mingw64 --with-mpc=/mingw64 --with-isl=/mingw64 --with-pkgversion='Rev1, Built by MSYS2 project' --with-bugurl=https://github.com/msys2/MINGW-packages/issues --with-gnu-as --with-gnu-ld --disable-libstdcxx-debug --enable-plugin --with-boot-ldflags=-static-libstdc++ --with-stage1-ldflags=-static-libstdc++
Thread model: posix
Supported LTO compression algorithms: zlib zstd
gcc version 14.2.0 (Rev1, Built by MSYS2 project)

systena@PCK-140-246 MINGW64 ~/llama.cpp-dev
$ clang -v
bash: clang: コマンドが見つかりません

systena@PCK-140-246 MINGW64 ~/llama.cpp-dev
$ sha256sum ./model/Llama-3-ELYZA-JP-8B-GGUF/Llama-3-ELYZA-JP-8B-q4_k_m.gguf
91553c45080b11d95be21bb67961c9a5d2ed7556275423efaaad6df54ba9beae *./model/Llama-3-ELYZA-JP-8B-GGUF/Llama-3-ELYZA-JP-8B-q4_k_m.gguf

systena@PCK-140-246 MINGW64 ~/llama.cpp-dev
$ sha256sum.exe ./llama.cpp_build/llama.cpp_b3707/llama-cli.exe
253bfdb5903f56657130c1d9d1cfba6a55b947b75d5782be97dd7cf1594a8bda *./llama.cpp_build/llama.cpp_b3707/llama-cli.exe

systena@PCK-140-246 MINGW64 ~/llama.cpp-dev
$ cat /proc/cpuinfo
processor       : 0
vendor_id       : GenuineIntel
cpu family      : 6
model           : 140
model name      : 11th Gen Intel(R) Core(TM) i7-1165G7 @ 2.80GHz
stepping        : 1
microcode       : 0xB6
cpu MHz         : 2810.000
cache size      : 12288 KB
physical id     : 0
siblings        : 8
core id         : 0
cpu cores       : 4
apicid          : 0
initial apicid  : 0
fpu             : yes
fpu_exception   : yes
cpuid level     : 24
wp              : yes
flags           : fpu vme de pse tsc msr pae mce cx8 apic sep mtrr pge mca cmov pat pse36 clflush dts acpi mmx fxsr sse sse2 ss ht tm pbe constant_tsc art arch_perfmon rep_good nopl xtopology cpuid aperfmperf tsc_known_freq pni pclmuldq dtes64 monitor ds_cpl vmx est tm2 ssse3 sdbg fma cx16 xtpr pdcm pcid sse4_1 sse4_2 x2apic movbe popcnt tsc_deadline_timer aes xsave avx f16c rdrand lahf_lm epb cat_l2 cdp_l2 fsgsbase tsc_adjust bmi1 avx2 smep bmi2 erms invpcid rdt_a avx512f avx512dq rdseed adx smap avx512ifma clflushopt clwb intel_pt avx512cd sha_ni avx512bw avx512vl xsaveopt xsavec xgetbv1 xsaves user_shstk dtherm ida arat pln pts hwp hwp_notify hwp_act_window hwp_epp hwp_pkg_req avx512vbmi umip pku avx512_vbmi2 gfni vaes vpclmulqdq avx512_vnni avx512_bitalg avx512_vpopcntdq rdpid movdiri movdir64b fsrm avx512_vp2intersect md_clear ibt flush_l1d arch_capabilities
bogomips        : 5620.00
clflush size    : 64
cache_alignment : 64
address sizes   : 39 bits physical, 48 bits virtual
power management:
processor       : 1
vendor_id       : GenuineIntel
cpu family      : 6
model           : 140
model name      : 11th Gen Intel(R) Core(TM) i7-1165G7 @ 2.80GHz
stepping        : 1
microcode       : 0xB6
cpu MHz         : 2810.000
cache size      : 12288 KB
physical id     : 0
siblings        : 8
core id         : 0
cpu cores       : 4
apicid          : 1
initial apicid  : 1
fpu             : yes
fpu_exception   : yes
cpuid level     : 24
wp              : yes
flags           : fpu vme de pse tsc msr pae mce cx8 apic sep mtrr pge mca cmov pat pse36 clflush dts acpi mmx fxsr sse sse2 ss ht tm pbe constant_tsc art arch_perfmon rep_good nopl xtopology cpuid aperfmperf tsc_known_freq pni pclmuldq dtes64 monitor ds_cpl vmx est tm2 ssse3 sdbg fma cx16 xtpr pdcm pcid sse4_1 sse4_2 x2apic movbe popcnt tsc_deadline_timer aes xsave avx f16c rdrand lahf_lm epb cat_l2 cdp_l2 fsgsbase tsc_adjust bmi1 avx2 smep bmi2 erms invpcid rdt_a avx512f avx512dq rdseed adx smap avx512ifma clflushopt clwb intel_pt avx512cd sha_ni avx512bw avx512vl xsaveopt xsavec xgetbv1 xsaves user_shstk dtherm ida arat pln pts hwp hwp_notify hwp_act_window hwp_epp hwp_pkg_req avx512vbmi umip pku avx512_vbmi2 gfni vaes vpclmulqdq avx512_vnni avx512_bitalg avx512_vpopcntdq rdpid movdiri movdir64b fsrm avx512_vp2intersect md_clear ibt flush_l1d arch_capabilities
bogomips        : 5620.00
clflush size    : 64
cache_alignment : 64
address sizes   : 39 bits physical, 48 bits virtual
power management:
processor       : 2
vendor_id       : GenuineIntel
cpu family      : 6
model           : 140
model name      : 11th Gen Intel(R) Core(TM) i7-1165G7 @ 2.80GHz
stepping        : 1
microcode       : 0xB6
cpu MHz         : 2810.000
cache size      : 12288 KB
physical id     : 0
siblings        : 8
core id         : 1
cpu cores       : 4
apicid          : 2
initial apicid  : 2
fpu             : yes
fpu_exception   : yes
cpuid level     : 24
wp              : yes
flags           : fpu vme de pse tsc msr pae mce cx8 apic sep mtrr pge mca cmov pat pse36 clflush dts acpi mmx fxsr sse sse2 ss ht tm pbe constant_tsc art arch_perfmon rep_good nopl xtopology cpuid aperfmperf tsc_known_freq pni pclmuldq dtes64 monitor ds_cpl vmx est tm2 ssse3 sdbg fma cx16 xtpr pdcm pcid sse4_1 sse4_2 x2apic movbe popcnt tsc_deadline_timer aes xsave avx f16c rdrand lahf_lm epb cat_l2 cdp_l2 fsgsbase tsc_adjust bmi1 avx2 smep bmi2 erms invpcid rdt_a avx512f avx512dq rdseed adx smap avx512ifma clflushopt clwb intel_pt avx512cd sha_ni avx512bw avx512vl xsaveopt xsavec xgetbv1 xsaves user_shstk dtherm ida arat pln pts hwp hwp_notify hwp_act_window hwp_epp hwp_pkg_req avx512vbmi umip pku avx512_vbmi2 gfni vaes vpclmulqdq avx512_vnni avx512_bitalg avx512_vpopcntdq rdpid movdiri movdir64b fsrm avx512_vp2intersect md_clear ibt flush_l1d arch_capabilities
bogomips        : 5620.00
clflush size    : 64
cache_alignment : 64
address sizes   : 39 bits physical, 48 bits virtual
power management:
processor       : 3
vendor_id       : GenuineIntel
cpu family      : 6
model           : 140
model name      : 11th Gen Intel(R) Core(TM) i7-1165G7 @ 2.80GHz
stepping        : 1
microcode       : 0xB6
cpu MHz         : 2810.000
cache size      : 12288 KB
physical id     : 0
siblings        : 8
core id         : 1
cpu cores       : 4
apicid          : 3
initial apicid  : 3
fpu             : yes
fpu_exception   : yes
cpuid level     : 24
wp              : yes
flags           : fpu vme de pse tsc msr pae mce cx8 apic sep mtrr pge mca cmov pat pse36 clflush dts acpi mmx fxsr sse sse2 ss ht tm pbe constant_tsc art arch_perfmon rep_good nopl xtopology cpuid aperfmperf tsc_known_freq pni pclmuldq dtes64 monitor ds_cpl vmx est tm2 ssse3 sdbg fma cx16 xtpr pdcm pcid sse4_1 sse4_2 x2apic movbe popcnt tsc_deadline_timer aes xsave avx f16c rdrand lahf_lm epb cat_l2 cdp_l2 fsgsbase tsc_adjust bmi1 avx2 smep bmi2 erms invpcid rdt_a avx512f avx512dq rdseed adx smap avx512ifma clflushopt clwb intel_pt avx512cd sha_ni avx512bw avx512vl xsaveopt xsavec xgetbv1 xsaves user_shstk dtherm ida arat pln pts hwp hwp_notify hwp_act_window hwp_epp hwp_pkg_req avx512vbmi umip pku avx512_vbmi2 gfni vaes vpclmulqdq avx512_vnni avx512_bitalg avx512_vpopcntdq rdpid movdiri movdir64b fsrm avx512_vp2intersect md_clear ibt flush_l1d arch_capabilities
bogomips        : 5620.00
clflush size    : 64
cache_alignment : 64
address sizes   : 39 bits physical, 48 bits virtual
power management:
processor       : 4
vendor_id       : GenuineIntel
cpu family      : 6
model           : 140
model name      : 11th Gen Intel(R) Core(TM) i7-1165G7 @ 2.80GHz
stepping        : 1
microcode       : 0xB6
cpu MHz         : 2810.000
cache size      : 12288 KB
physical id     : 0
siblings        : 8
core id         : 2
cpu cores       : 4
apicid          : 4
initial apicid  : 4
fpu             : yes
fpu_exception   : yes
cpuid level     : 24
wp              : yes
flags           : fpu vme de pse tsc msr pae mce cx8 apic sep mtrr pge mca cmov pat pse36 clflush dts acpi mmx fxsr sse sse2 ss ht tm pbe constant_tsc art arch_perfmon rep_good nopl xtopology cpuid aperfmperf tsc_known_freq pni pclmuldq dtes64 monitor ds_cpl vmx est tm2 ssse3 sdbg fma cx16 xtpr pdcm pcid sse4_1 sse4_2 x2apic movbe popcnt tsc_deadline_timer aes xsave avx f16c rdrand lahf_lm epb cat_l2 cdp_l2 fsgsbase tsc_adjust bmi1 avx2 smep bmi2 erms invpcid rdt_a avx512f avx512dq rdseed adx smap avx512ifma clflushopt clwb intel_pt avx512cd sha_ni avx512bw avx512vl xsaveopt xsavec xgetbv1 xsaves user_shstk dtherm ida arat pln pts hwp hwp_notify hwp_act_window hwp_epp hwp_pkg_req avx512vbmi umip pku avx512_vbmi2 gfni vaes vpclmulqdq avx512_vnni avx512_bitalg avx512_vpopcntdq rdpid movdiri movdir64b fsrm avx512_vp2intersect md_clear ibt flush_l1d arch_capabilities
bogomips        : 5620.00
clflush size    : 64
cache_alignment : 64
address sizes   : 39 bits physical, 48 bits virtual
power management:
processor       : 5
vendor_id       : GenuineIntel
cpu family      : 6
model           : 140
model name      : 11th Gen Intel(R) Core(TM) i7-1165G7 @ 2.80GHz
stepping        : 1
microcode       : 0xB6
cpu MHz         : 2810.000
cache size      : 12288 KB
physical id     : 0
siblings        : 8
core id         : 2
cpu cores       : 4
apicid          : 5
initial apicid  : 5
fpu             : yes
fpu_exception   : yes
cpuid level     : 24
wp              : yes
flags           : fpu vme de pse tsc msr pae mce cx8 apic sep mtrr pge mca cmov pat pse36 clflush dts acpi mmx fxsr sse sse2 ss ht tm pbe constant_tsc art arch_perfmon rep_good nopl xtopology cpuid aperfmperf tsc_known_freq pni pclmuldq dtes64 monitor ds_cpl vmx est tm2 ssse3 sdbg fma cx16 xtpr pdcm pcid sse4_1 sse4_2 x2apic movbe popcnt tsc_deadline_timer aes xsave avx f16c rdrand lahf_lm epb cat_l2 cdp_l2 fsgsbase tsc_adjust bmi1 avx2 smep bmi2 erms invpcid rdt_a avx512f avx512dq rdseed adx smap avx512ifma clflushopt clwb intel_pt avx512cd sha_ni avx512bw avx512vl xsaveopt xsavec xgetbv1 xsaves user_shstk dtherm ida arat pln pts hwp hwp_notify hwp_act_window hwp_epp hwp_pkg_req avx512vbmi umip pku avx512_vbmi2 gfni vaes vpclmulqdq avx512_vnni avx512_bitalg avx512_vpopcntdq rdpid movdiri movdir64b fsrm avx512_vp2intersect md_clear ibt flush_l1d arch_capabilities
bogomips        : 5620.00
clflush size    : 64
cache_alignment : 64
address sizes   : 39 bits physical, 48 bits virtual
power management:
processor       : 6
vendor_id       : GenuineIntel
cpu family      : 6
model           : 140
model name      : 11th Gen Intel(R) Core(TM) i7-1165G7 @ 2.80GHz
stepping        : 1
microcode       : 0xB6
cpu MHz         : 2810.000
cache size      : 12288 KB
physical id     : 0
siblings        : 8
core id         : 3
cpu cores       : 4
apicid          : 6
initial apicid  : 6
fpu             : yes
fpu_exception   : yes
cpuid level     : 24
wp              : yes
flags           : fpu vme de pse tsc msr pae mce cx8 apic sep mtrr pge mca cmov pat pse36 clflush dts acpi mmx fxsr sse sse2 ss ht tm pbe constant_tsc art arch_perfmon rep_good nopl xtopology cpuid aperfmperf tsc_known_freq pni pclmuldq dtes64 monitor ds_cpl vmx est tm2 ssse3 sdbg fma cx16 xtpr pdcm pcid sse4_1 sse4_2 x2apic movbe popcnt tsc_deadline_timer aes xsave avx f16c rdrand lahf_lm epb cat_l2 cdp_l2 fsgsbase tsc_adjust bmi1 avx2 smep bmi2 erms invpcid rdt_a avx512f avx512dq rdseed adx smap avx512ifma clflushopt clwb intel_pt avx512cd sha_ni avx512bw avx512vl xsaveopt xsavec xgetbv1 xsaves user_shstk dtherm ida arat pln pts hwp hwp_notify hwp_act_window hwp_epp hwp_pkg_req avx512vbmi umip pku avx512_vbmi2 gfni vaes vpclmulqdq avx512_vnni avx512_bitalg avx512_vpopcntdq rdpid movdiri movdir64b fsrm avx512_vp2intersect md_clear ibt flush_l1d arch_capabilities
bogomips        : 5620.00
clflush size    : 64
cache_alignment : 64
address sizes   : 39 bits physical, 48 bits virtual
power management:
processor       : 7
vendor_id       : GenuineIntel
cpu family      : 6
model           : 140
model name      : 11th Gen Intel(R) Core(TM) i7-1165G7 @ 2.80GHz
stepping        : 1
microcode       : 0xB6
cpu MHz         : 2810.000
cache size      : 12288 KB
physical id     : 0
siblings        : 8
core id         : 3
cpu cores       : 4
apicid          : 7
initial apicid  : 7
fpu             : yes
fpu_exception   : yes
cpuid level     : 24
wp              : yes
flags           : fpu vme de pse tsc msr pae mce cx8 apic sep mtrr pge mca cmov pat pse36 clflush dts acpi mmx fxsr sse sse2 ss ht tm pbe constant_tsc art arch_perfmon rep_good nopl xtopology cpuid aperfmperf tsc_known_freq pni pclmuldq dtes64 monitor ds_cpl vmx est tm2 ssse3 sdbg fma cx16 xtpr pdcm pcid sse4_1 sse4_2 x2apic movbe popcnt tsc_deadline_timer aes xsave avx f16c rdrand lahf_lm epb cat_l2 cdp_l2 fsgsbase tsc_adjust bmi1 avx2 smep bmi2 erms invpcid rdt_a avx512f avx512dq rdseed adx smap avx512ifma clflushopt clwb intel_pt avx512cd sha_ni avx512bw avx512vl xsaveopt xsavec xgetbv1 xsaves user_shstk dtherm ida arat pln pts hwp hwp_notify hwp_act_window hwp_epp hwp_pkg_req avx512vbmi umip pku avx512_vbmi2 gfni vaes vpclmulqdq avx512_vnni avx512_bitalg avx512_vpopcntdq rdpid movdiri movdir64b fsrm avx512_vp2intersect md_clear ibt flush_l1d arch_capabilities
bogomips        : 5620.00
clflush size    : 64
cache_alignment : 64
address sizes   : 39 bits physical, 48 bits virtual
power management:

                                                                                                                                                                          winpc_Git_Bash_gcc_llama.cpp.log                                                                    000644  000765  000024  00000103513 14670112000 017163  0                                                                                                    ustar 00yuu                             staff                           000000  000000                                                                                                                                                                         YUU@DESKTOP-NBRPOP4 MINGW64 /c/msys64/home/YUU/llama.cpp-dev (main)
$ ll
total 137
drwxr-xr-x 1 YUU 197121     0  9月 11 01:39 ./
drwxr-xr-x 1 YUU 197121     0  9月 10 23:47 ../
drwxr-xr-x 1 YUU 197121     0  9月 11 01:56 .git/
-rw-r--r-- 1 YUU 197121  3373  9月 11 01:36 .gitignore
-rw-r--r-- 1 YUU 197121   163  9月  9 15:03 andoroid.md
-rw-r--r-- 1 YUU 197121 82968  9月 11 00:57 build_log_20240911_004741.txt
-rw-r--r-- 1 YUU 197121   471  9月 11 01:38 docker-compose.yml
-rw-r--r-- 1 YUU 197121   869  9月 10 17:28 Dockerfile
-rwxr-xr-x 1 YUU 197121   135  9月 10 13:07 exec.sh*
drwxr-xr-x 1 YUU 197121     0  9月 11 00:47 llama.cpp_build/
drwxr-xr-x 1 YUU 197121     0  9月 10 13:07 llama-cpp-python/
-rw-r--r-- 1 YUU 197121 16220  9月 11 01:28 main.log
drwxr-xr-x 1 YUU 197121     0  9月 10 13:18 model/
-rw-r--r-- 1 YUU 197121  7782  9月 11 01:55 README.md
-rw-r--r-- 1 YUU 197121    25  9月 10 13:07 requirements.txt
drwxr-xr-x 1 YUU 197121     0  9月 11 01:36 result/
-rwxr-xr-x 1 YUU 197121   192  9月 10 13:07 up_down.sh*

YUU@DESKTOP-NBRPOP4 MINGW64 /c/msys64/home/YUU/llama.cpp-dev (main)
$ ./llama.cpp_build/llama.cpp_b3707/llama-cli -m ./model/Llama-3-ELYZA-JP-8B-GGUF/Llama-3-ELYZA-JP-8B-q4_k_m.gguf --color -i -n 1024 -i --seed 42 -p "you are a helpful assistant" -cnv
Log start
main: build = 3707 (daa9623a)
main: built with cc.exe (Rev1, Built by MSYS2 project) 14.2.0 for x86_64-w64-mingw32
main: seed = 42
llama_model_loader: loaded meta data with 22 key-value pairs and 291 tensors from ./model/Llama-3-ELYZA-JP-8B-GGUF/Llama-3-ELYZA-JP-8B-q4_k_m.gguf (version GGUF V3 (latest))
llama_model_loader: Dumping metadata keys/values. Note: KV overrides do not apply in this output.
llama_model_loader: - kv   0:                       general.architecture str              = llama
llama_model_loader: - kv   1:                               general.name str              = Llama-3-8B-optimal-merged-stage2
llama_model_loader: - kv   2:                          llama.block_count u32              = 32
llama_model_loader: - kv   3:                       llama.context_length u32              = 8192
llama_model_loader: - kv   4:                     llama.embedding_length u32              = 4096
llama_model_loader: - kv   5:                  llama.feed_forward_length u32              = 14336
llama_model_loader: - kv   6:                 llama.attention.head_count u32              = 32
llama_model_loader: - kv   7:              llama.attention.head_count_kv u32              = 8
llama_model_loader: - kv   8:                       llama.rope.freq_base f32              = 500000.000000
llama_model_loader: - kv   9:     llama.attention.layer_norm_rms_epsilon f32              = 0.000010
llama_model_loader: - kv  10:                          general.file_type u32              = 15
llama_model_loader: - kv  11:                           llama.vocab_size u32              = 128256
llama_model_loader: - kv  12:                 llama.rope.dimension_count u32              = 128
llama_model_loader: - kv  13:                       tokenizer.ggml.model str              = gpt2
llama_model_loader: - kv  14:                         tokenizer.ggml.pre str              = llama-bpe
llama_model_loader: - kv  15:                      tokenizer.ggml.tokens arr[str,128256]  = ["!", "\"", "#", "$", "%", "&", "'", ...
llama_model_loader: - kv  16:                  tokenizer.ggml.token_type arr[i32,128256]  = [1, 1, 1, 1, 1, 1, 1, 1, 1, 1, 1, 1, ...
llama_model_loader: - kv  17:                      tokenizer.ggml.merges arr[str,280147]  = ["Ġ Ġ", "Ġ ĠĠĠ", "ĠĠ ĠĠ", "...
llama_model_loader: - kv  18:                tokenizer.ggml.bos_token_id u32              = 128000
llama_model_loader: - kv  19:                tokenizer.ggml.eos_token_id u32              = 128009
llama_model_loader: - kv  20:                    tokenizer.chat_template str              = {% set loop_messages = messages %}{% ...
llama_model_loader: - kv  21:               general.quantization_version u32              = 2
llama_model_loader: - type  f32:   65 tensors
llama_model_loader: - type q4_K:  193 tensors
llama_model_loader: - type q6_K:   33 tensors
llm_load_vocab: special tokens cache size = 256
llm_load_vocab: token to piece cache size = 0.8000 MB
llm_load_print_meta: format           = GGUF V3 (latest)
llm_load_print_meta: arch             = llama
llm_load_print_meta: vocab type       = BPE
llm_load_print_meta: n_vocab          = 128256
llm_load_print_meta: n_merges         = 280147
llm_load_print_meta: vocab_only       = 0
llm_load_print_meta: n_ctx_train      = 8192
llm_load_print_meta: n_embd           = 4096
llm_load_print_meta: n_layer          = 32
llm_load_print_meta: n_head           = 32
llm_load_print_meta: n_head_kv        = 8
llm_load_print_meta: n_rot            = 128
llm_load_print_meta: n_swa            = 0
llm_load_print_meta: n_embd_head_k    = 128
llm_load_print_meta: n_embd_head_v    = 128
llm_load_print_meta: n_gqa            = 4
llm_load_print_meta: n_embd_k_gqa     = 1024
llm_load_print_meta: n_embd_v_gqa     = 1024
llm_load_print_meta: f_norm_eps       = 0.0e+00
llm_load_print_meta: f_norm_rms_eps   = 1.0e-05
llm_load_print_meta: f_clamp_kqv      = 0.0e+00
llm_load_print_meta: f_max_alibi_bias = 0.0e+00
llm_load_print_meta: f_logit_scale    = 0.0e+00
llm_load_print_meta: n_ff             = 14336
llm_load_print_meta: n_expert         = 0
llm_load_print_meta: n_expert_used    = 0
llm_load_print_meta: causal attn      = 1
llm_load_print_meta: pooling type     = 0
llm_load_print_meta: rope type        = 0
llm_load_print_meta: rope scaling     = linear
llm_load_print_meta: freq_base_train  = 500000.0
llm_load_print_meta: freq_scale_train = 1
llm_load_print_meta: n_ctx_orig_yarn  = 8192
llm_load_print_meta: rope_finetuned   = unknown
llm_load_print_meta: ssm_d_conv       = 0
llm_load_print_meta: ssm_d_inner      = 0
llm_load_print_meta: ssm_d_state      = 0
llm_load_print_meta: ssm_dt_rank      = 0
llm_load_print_meta: ssm_dt_b_c_rms   = 0
llm_load_print_meta: model type       = 8B
llm_load_print_meta: model ftype      = Q4_K - Medium
llm_load_print_meta: model params     = 8.03 B
llm_load_print_meta: model size       = 4.58 GiB (4.89 BPW)
llm_load_print_meta: general.name     = Llama-3-8B-optimal-merged-stage2
llm_load_print_meta: BOS token        = 128000 '<|begin_of_text|>'
llm_load_print_meta: EOS token        = 128009 '<|eot_id|>'
llm_load_print_meta: LF token         = 128 'Ä'
llm_load_print_meta: EOT token        = 128009 '<|eot_id|>'
llm_load_print_meta: max token length = 256
llm_load_tensors: ggml ctx size =    0.14 MiB
llm_load_tensors:        CPU buffer size =  4685.30 MiB
........................................................................................
llama_new_context_with_model: n_ctx      = 8192
llama_new_context_with_model: n_batch    = 2048
llama_new_context_with_model: n_ubatch   = 512
llama_new_context_with_model: flash_attn = 0
llama_new_context_with_model: freq_base  = 500000.0
llama_new_context_with_model: freq_scale = 1
llama_kv_cache_init:        CPU KV buffer size =  1024.00 MiB
llama_new_context_with_model: KV self size  = 1024.00 MiB, K (f16):  512.00 MiB, V (f16):  512.00 MiB
llama_new_context_with_model:        CPU  output buffer size =     0.49 MiB
llama_new_context_with_model:        CPU compute buffer size =   560.01 MiB
llama_new_context_with_model: graph nodes  = 1030
llama_new_context_with_model: graph splits = 1
main: chat template example: <|start_header_id|>system<|end_header_id|>

You are a helpful assistant<|eot_id|><|start_header_id|>user<|end_header_id|>

Hello<|eot_id|><|start_header_id|>assistant<|end_header_id|>

Hi there<|eot_id|><|start_header_id|>user<|end_header_id|>

How are you?<|eot_id|><|start_header_id|>assistant<|end_header_id|>



system_info: n_threads = 9 (n_threads_batch = 9) / 18 | AVX = 1 | AVX_VNNI = 0 | AVX2 = 1 | AVX512 = 1 | AVX512_VBMI = 0 | AVX512_VNNI = 0 | AVX512_BF16 = 0 | FMA = 1 | NEON = 0 | SVE = 0 | ARM_FMA = 0 | F16C = 1 | FP16_VA = 0 | WASM_SIMD = 0 | BLAS = 0 | SSE3 = 1 | SSSE3 = 1 | VSX = 0 | MATMUL_INT8 = 0 | LLAMAFILE = 1 |
main: interactive mode on.
sampling params:
        repeat_last_n = 64, repeat_penalty = 1.000, frequency_penalty = 0.000, presence_penalty = 0.000
        top_k = 40, tfs_z = 1.000, top_p = 0.950, min_p = 0.050, typical_p = 1.000, temp = 0.800
        mirostat = 0, mirostat_lr = 0.100, mirostat_ent = 5.000
 sampler constr:
        logits -> logit-bias -> penalties -> top-k -> tail-free -> typical -> top-p -> min-p -> temp-ext -> softmax -> dist
generate: n_ctx = 8192, n_batch = 2048, n_predict = 1024, n_keep = 1


== Running in interactive mode. ==
 - Press Ctrl+C to interject at any time.
 - Press Return to return control to the AI.
 - To return control without starting a new line, end your input with '/'.
 - If you want to submit another line, end your input with '\'.

system

you are a helpful assistant


> 量子力学について日本語20文字以内で教えて下さい。
「量子力学」は、原子や子粒子を研究対象にした物理学の一分野です。

>
llama_perf_print:    sampling time =       7.28 ms /    54 runs   (    0.13 ms per token,  7415.55 tokens per second)
llama_perf_print:        load time =    2256.39 ms
llama_perf_print: prompt eval time =    4536.86 ms /    37 tokens (  122.62 ms per token,     8.16 tokens per second)
llama_perf_print:        eval time =    6757.62 ms /    27 runs   (  250.28 ms per token,     4.00 tokens per second)
llama_perf_print:       total time =   14742.78 ms /    64 tokens

YUU@DESKTOP-NBRPOP4 MINGW64 /c/msys64/home/YUU/llama.cpp-dev (main)
$ uname -a
MINGW64_NT-10.0-22631 DESKTOP-NBRPOP4 3.4.10-87d57229.x86_64 2024-02-14 20:17 UTC x86_64 Msys

YUU@DESKTOP-NBRPOP4 MINGW64 /c/msys64/home/YUU/llama.cpp-dev (main)
$ python -V
Python 3.11.9

YUU@DESKTOP-NBRPOP4 MINGW64 /c/msys64/home/YUU/llama.cpp-dev (main)
$ pip list
Package           Version
----------------- -------
diskcache         5.6.3
distlib           0.3.8
Jinja2            3.1.4
llama_cpp_python  0.2.90
MarkupSafe        2.1.5
numpy             2.1.1
pip               24.1.2
setuptools        74.0.0
typing_extensions 4.12.2

YUU@DESKTOP-NBRPOP4 MINGW64 /c/msys64/home/YUU/llama.cpp-dev (main)
$ gcc -v
Using built-in specs.
COLLECT_GCC=C:\mingw64\bin\gcc.exe
COLLECT_LTO_WRAPPER=C:/mingw64/bin/../lib/gcc/x86_64-w64-mingw32/14.2.0/lto-wrapper.exe
Target: x86_64-w64-mingw32
Configured with: ../gcc-14.2.0/configure --prefix=/mingw64 --with-local-prefix=/mingw64/local --build=x86_64-w64-mingw32 --host=x86_64-w64-mingw32 --target=x86_64-w64-mingw32 --with-native-system-header-dir=/mingw64/include --libexecdir=/mingw64/lib --enable-bootstrap --enable-checking=release --with-arch=nocona --with-tune=generic --enable-languages=c,lto,c++,fortran,ada,objc,obj-c++,rust,jit --enable-shared --enable-static --enable-libatomic --enable-threads=posix --enable-graphite --enable-fully-dynamic-string --enable-libstdcxx-filesystem-ts --enable-libstdcxx-time --disable-libstdcxx-pch --enable-lto --enable-libgomp --disable-libssp --disable-multilib --disable-rpath --disable-win32-registry --disable-nls --disable-werror --disable-symvers --with-libiconv --with-system-zlib --with-gmp=/mingw64 --with-mpfr=/mingw64 --with-mpc=/mingw64 --with-isl=/mingw64 --with-pkgversion='Rev1, Built by MSYS2 project' --with-bugurl=https://github.com/msys2/MINGW-packages/issues --with-gnu-as --with-gnu-ld --disable-libstdcxx-debug --enable-plugin --with-boot-ldflags=-static-libstdc++ --with-stage1-ldflags=-static-libstdc++
Thread model: posix
Supported LTO compression algorithms: zlib zstd
gcc version 14.2.0 (Rev1, Built by MSYS2 project)

YUU@DESKTOP-NBRPOP4 MINGW64 /c/msys64/home/YUU/llama.cpp-dev (main)
$ clang -v
bash: clang: command not found

YUU@DESKTOP-NBRPOP4 MINGW64 /c/msys64/home/YUU/llama.cpp-dev (main)
$ sha256sum ./model/Llama-3-ELYZA-JP-8B-GGUF/Llama-3-ELYZA-JP-8B-q4_k_m.gguf
91553c45080b11d95be21bb67961c9a5d2ed7556275423efaaad6df54ba9beae *./model/Llama-3-ELYZA-JP-8B-GGUF/Llama-3-ELYZA-JP-8B-q4_k_m.gguf

YUU@DESKTOP-NBRPOP4 MINGW64 /c/msys64/home/YUU/llama.cpp-dev (main)
$ sha256sum ./llama.cpp_build/llama.cpp_b3707/llama-cli.exe
c78151284d8cb941b7604b680a135631558015a5c41325bbfdc15ebb7da541f2 *./llama.cpp_build/llama.cpp_b3707/llama-cli.exe

YUU@DESKTOP-NBRPOP4 MINGW64 /c/msys64/home/YUU/llama.cpp-dev (main)
$ cat /proc/cpuinfo
processor       : 0
vendor_id       : GenuineIntel
cpu family      : 6
model           : 85
model name      : Intel(R) Core(TM) i9-7980XE CPU @ 2.60GHz
stepping        : 4
microcode       : 0x2006A08
cpu MHz         : 2600.000
cache size      : 25344 KB
physical id     : 0
siblings        : 36
core id         : 0
cpu cores       : 18
apicid          : 0
initial apicid  : 0
fpu             : yes
fpu_exception   : yes
cpuid level     : 20
wp              : yes
flags           : fpu vme de pse tsc msr pae mce cx8 apic sep mtrr pge mca cmov pat pse36 clflush dts acpi mmx fxsr sse sse2 ss ht tm pbe constant_tsc arch_perfmon rep_good nopl xtopology cpuid aperfmperf pni pclmuldq dtes64 monitor est tm2 ssse3 fma cx16 xtpr pdcm pcid sse4_1 sse4_2 movbe popcnt tsc_deadline_timer aes xsave avx f16c rdrand hypervisor lahf_lm epb fsgsbase bmi1 hle avx2 smep bmi2 erms invpcid rtm cqm mpx rdt_a avx512f avx512dq rdseed adx smap clflushopt clwb avx512cd avx512bw avx512vl xsaveopt xsavec xgetbv1 xsaves dtherm ida pln pts md_clear flush_l1d arch_capabilities
bogomips        : 5200.00
clflush size    : 64
cache_alignment : 64
address sizes   : 46 bits physical, 48 bits virtual
power management:
processor       : 1
vendor_id       : GenuineIntel
cpu family      : 6
model           : 85
model name      : Intel(R) Core(TM) i9-7980XE CPU @ 2.60GHz
stepping        : 4
microcode       : 0x2006A08
cpu MHz         : 2600.000
cache size      : 25344 KB
physical id     : 0
siblings        : 36
core id         : 1
cpu cores       : 18
apicid          : 2
initial apicid  : 2
fpu             : yes
fpu_exception   : yes
cpuid level     : 20
wp              : yes
flags           : fpu vme de pse tsc msr pae mce cx8 apic sep mtrr pge mca cmov pat pse36 clflush dts acpi mmx fxsr sse sse2 ss ht tm pbe constant_tsc arch_perfmon rep_good nopl xtopology cpuid aperfmperf pni pclmuldq dtes64 monitor est tm2 ssse3 fma cx16 xtpr pdcm pcid sse4_1 sse4_2 movbe popcnt tsc_deadline_timer aes xsave avx f16c rdrand hypervisor lahf_lm epb fsgsbase bmi1 hle avx2 smep bmi2 erms invpcid rtm cqm mpx rdt_a avx512f avx512dq rdseed adx smap clflushopt clwb avx512cd avx512bw avx512vl xsaveopt xsavec xgetbv1 xsaves dtherm ida pln pts md_clear flush_l1d arch_capabilities
bogomips        : 5200.00
clflush size    : 64
cache_alignment : 64
address sizes   : 46 bits physical, 48 bits virtual
power management:
processor       : 2
vendor_id       : GenuineIntel
cpu family      : 6
model           : 85
model name      : Intel(R) Core(TM) i9-7980XE CPU @ 2.60GHz
stepping        : 4
microcode       : 0x2006A08
cpu MHz         : 2600.000
cache size      : 25344 KB
physical id     : 0
siblings        : 36
core id         : 2
cpu cores       : 18
apicid          : 4
initial apicid  : 4
fpu             : yes
fpu_exception   : yes
cpuid level     : 20
wp              : yes
flags           : fpu vme de pse tsc msr pae mce cx8 apic sep mtrr pge mca cmov pat pse36 clflush dts acpi mmx fxsr sse sse2 ss ht tm pbe constant_tsc arch_perfmon rep_good nopl xtopology cpuid aperfmperf pni pclmuldq dtes64 monitor est tm2 ssse3 fma cx16 xtpr pdcm pcid sse4_1 sse4_2 movbe popcnt tsc_deadline_timer aes xsave avx f16c rdrand hypervisor lahf_lm epb fsgsbase bmi1 hle avx2 smep bmi2 erms invpcid rtm cqm mpx rdt_a avx512f avx512dq rdseed adx smap clflushopt clwb avx512cd avx512bw avx512vl xsaveopt xsavec xgetbv1 xsaves dtherm ida pln pts md_clear flush_l1d arch_capabilities
bogomips        : 5200.00
clflush size    : 64
cache_alignment : 64
address sizes   : 46 bits physical, 48 bits virtual
power management:
processor       : 3
vendor_id       : GenuineIntel
cpu family      : 6
model           : 85
model name      : Intel(R) Core(TM) i9-7980XE CPU @ 2.60GHz
stepping        : 4
microcode       : 0x2006A08
cpu MHz         : 2600.000
cache size      : 25344 KB
physical id     : 0
siblings        : 36
core id         : 3
cpu cores       : 18
apicid          : 6
initial apicid  : 6
fpu             : yes
fpu_exception   : yes
cpuid level     : 20
wp              : yes
flags           : fpu vme de pse tsc msr pae mce cx8 apic sep mtrr pge mca cmov pat pse36 clflush dts acpi mmx fxsr sse sse2 ss ht tm pbe constant_tsc arch_perfmon rep_good nopl xtopology cpuid aperfmperf pni pclmuldq dtes64 monitor est tm2 ssse3 fma cx16 xtpr pdcm pcid sse4_1 sse4_2 movbe popcnt tsc_deadline_timer aes xsave avx f16c rdrand hypervisor lahf_lm epb fsgsbase bmi1 hle avx2 smep bmi2 erms invpcid rtm cqm mpx rdt_a avx512f avx512dq rdseed adx smap clflushopt clwb avx512cd avx512bw avx512vl xsaveopt xsavec xgetbv1 xsaves dtherm ida pln pts md_clear flush_l1d arch_capabilities
bogomips        : 5200.00
clflush size    : 64
cache_alignment : 64
address sizes   : 46 bits physical, 48 bits virtual
power management:
processor       : 4
vendor_id       : GenuineIntel
cpu family      : 6
model           : 85
model name      : Intel(R) Core(TM) i9-7980XE CPU @ 2.60GHz
stepping        : 4
microcode       : 0x2006A08
cpu MHz         : 2600.000
cache size      : 25344 KB
physical id     : 0
siblings        : 36
core id         : 4
cpu cores       : 18
apicid          : 8
initial apicid  : 8
fpu             : yes
fpu_exception   : yes
cpuid level     : 20
wp              : yes
flags           : fpu vme de pse tsc msr pae mce cx8 apic sep mtrr pge mca cmov pat pse36 clflush dts acpi mmx fxsr sse sse2 ss ht tm pbe constant_tsc arch_perfmon rep_good nopl xtopology cpuid aperfmperf pni pclmuldq dtes64 monitor est tm2 ssse3 fma cx16 xtpr pdcm pcid sse4_1 sse4_2 movbe popcnt tsc_deadline_timer aes xsave avx f16c rdrand hypervisor lahf_lm epb fsgsbase bmi1 hle avx2 smep bmi2 erms invpcid rtm cqm mpx rdt_a avx512f avx512dq rdseed adx smap clflushopt clwb avx512cd avx512bw avx512vl xsaveopt xsavec xgetbv1 xsaves dtherm ida pln pts md_clear flush_l1d arch_capabilities
bogomips        : 5200.00
clflush size    : 64
cache_alignment : 64
address sizes   : 46 bits physical, 48 bits virtual
power management:
processor       : 5
vendor_id       : GenuineIntel
cpu family      : 6
model           : 85
model name      : Intel(R) Core(TM) i9-7980XE CPU @ 2.60GHz
stepping        : 4
microcode       : 0x2006A08
cpu MHz         : 2600.000
cache size      : 25344 KB
physical id     : 0
siblings        : 36
core id         : 8
cpu cores       : 18
apicid          : 16
initial apicid  : 16
fpu             : yes
fpu_exception   : yes
cpuid level     : 20
wp              : yes
flags           : fpu vme de pse tsc msr pae mce cx8 apic sep mtrr pge mca cmov pat pse36 clflush dts acpi mmx fxsr sse sse2 ss ht tm pbe constant_tsc arch_perfmon rep_good nopl xtopology cpuid aperfmperf pni pclmuldq dtes64 monitor est tm2 ssse3 fma cx16 xtpr pdcm pcid sse4_1 sse4_2 movbe popcnt tsc_deadline_timer aes xsave avx f16c rdrand hypervisor lahf_lm epb fsgsbase bmi1 hle avx2 smep bmi2 erms invpcid rtm cqm mpx rdt_a avx512f avx512dq rdseed adx smap clflushopt clwb avx512cd avx512bw avx512vl xsaveopt xsavec xgetbv1 xsaves dtherm ida pln pts md_clear flush_l1d arch_capabilities
bogomips        : 5200.00
clflush size    : 64
cache_alignment : 64
address sizes   : 46 bits physical, 48 bits virtual
power management:
processor       : 6
vendor_id       : GenuineIntel
cpu family      : 6
model           : 85
model name      : Intel(R) Core(TM) i9-7980XE CPU @ 2.60GHz
stepping        : 4
microcode       : 0x2006A08
cpu MHz         : 2600.000
cache size      : 25344 KB
physical id     : 0
siblings        : 36
core id         : 9
cpu cores       : 18
apicid          : 18
initial apicid  : 18
fpu             : yes
fpu_exception   : yes
cpuid level     : 20
wp              : yes
flags           : fpu vme de pse tsc msr pae mce cx8 apic sep mtrr pge mca cmov pat pse36 clflush dts acpi mmx fxsr sse sse2 ss ht tm pbe constant_tsc arch_perfmon rep_good nopl xtopology cpuid aperfmperf pni pclmuldq dtes64 monitor est tm2 ssse3 fma cx16 xtpr pdcm pcid sse4_1 sse4_2 movbe popcnt tsc_deadline_timer aes xsave avx f16c rdrand hypervisor lahf_lm epb fsgsbase bmi1 hle avx2 smep bmi2 erms invpcid rtm cqm mpx rdt_a avx512f avx512dq rdseed adx smap clflushopt clwb avx512cd avx512bw avx512vl xsaveopt xsavec xgetbv1 xsaves dtherm ida pln pts md_clear flush_l1d arch_capabilities
bogomips        : 5200.00
clflush size    : 64
cache_alignment : 64
address sizes   : 46 bits physical, 48 bits virtual
power management:
processor       : 7
vendor_id       : GenuineIntel
cpu family      : 6
model           : 85
model name      : Intel(R) Core(TM) i9-7980XE CPU @ 2.60GHz
stepping        : 4
microcode       : 0x2006A08
cpu MHz         : 2600.000
cache size      : 25344 KB
physical id     : 0
siblings        : 36
core id         : 10
cpu cores       : 18
apicid          : 20
initial apicid  : 20
fpu             : yes
fpu_exception   : yes
cpuid level     : 20
wp              : yes
flags           : fpu vme de pse tsc msr pae mce cx8 apic sep mtrr pge mca cmov pat pse36 clflush dts acpi mmx fxsr sse sse2 ss ht tm pbe constant_tsc arch_perfmon rep_good nopl xtopology cpuid aperfmperf pni pclmuldq dtes64 monitor est tm2 ssse3 fma cx16 xtpr pdcm pcid sse4_1 sse4_2 movbe popcnt tsc_deadline_timer aes xsave avx f16c rdrand hypervisor lahf_lm epb fsgsbase bmi1 hle avx2 smep bmi2 erms invpcid rtm cqm mpx rdt_a avx512f avx512dq rdseed adx smap clflushopt clwb avx512cd avx512bw avx512vl xsaveopt xsavec xgetbv1 xsaves dtherm ida pln pts md_clear flush_l1d arch_capabilities
bogomips        : 5200.00
clflush size    : 64
cache_alignment : 64
address sizes   : 46 bits physical, 48 bits virtual
power management:
processor       : 8
vendor_id       : GenuineIntel
cpu family      : 6
model           : 85
model name      : Intel(R) Core(TM) i9-7980XE CPU @ 2.60GHz
stepping        : 4
microcode       : 0x2006A08
cpu MHz         : 2600.000
cache size      : 25344 KB
physical id     : 0
siblings        : 36
core id         : 11
cpu cores       : 18
apicid          : 22
initial apicid  : 22
fpu             : yes
fpu_exception   : yes
cpuid level     : 20
wp              : yes
flags           : fpu vme de pse tsc msr pae mce cx8 apic sep mtrr pge mca cmov pat pse36 clflush dts acpi mmx fxsr sse sse2 ss ht tm pbe constant_tsc arch_perfmon rep_good nopl xtopology cpuid aperfmperf pni pclmuldq dtes64 monitor est tm2 ssse3 fma cx16 xtpr pdcm pcid sse4_1 sse4_2 movbe popcnt tsc_deadline_timer aes xsave avx f16c rdrand hypervisor lahf_lm epb fsgsbase bmi1 hle avx2 smep bmi2 erms invpcid rtm cqm mpx rdt_a avx512f avx512dq rdseed adx smap clflushopt clwb avx512cd avx512bw avx512vl xsaveopt xsavec xgetbv1 xsaves dtherm ida pln pts md_clear flush_l1d arch_capabilities
bogomips        : 5200.00
clflush size    : 64
cache_alignment : 64
address sizes   : 46 bits physical, 48 bits virtual
power management:
processor       : 9
vendor_id       : GenuineIntel
cpu family      : 6
model           : 85
model name      : Intel(R) Core(TM) i9-7980XE CPU @ 2.60GHz
stepping        : 4
microcode       : 0x2006A08
cpu MHz         : 2600.000
cache size      : 25344 KB
physical id     : 0
siblings        : 36
core id         : 16
cpu cores       : 18
apicid          : 32
initial apicid  : 32
fpu             : yes
fpu_exception   : yes
cpuid level     : 20
wp              : yes
flags           : fpu vme de pse tsc msr pae mce cx8 apic sep mtrr pge mca cmov pat pse36 clflush dts acpi mmx fxsr sse sse2 ss ht tm pbe constant_tsc arch_perfmon rep_good nopl xtopology cpuid aperfmperf pni pclmuldq dtes64 monitor est tm2 ssse3 fma cx16 xtpr pdcm pcid sse4_1 sse4_2 movbe popcnt tsc_deadline_timer aes xsave avx f16c rdrand hypervisor lahf_lm epb fsgsbase bmi1 hle avx2 smep bmi2 erms invpcid rtm cqm mpx rdt_a avx512f avx512dq rdseed adx smap clflushopt clwb avx512cd avx512bw avx512vl xsaveopt xsavec xgetbv1 xsaves dtherm ida pln pts md_clear flush_l1d arch_capabilities
bogomips        : 5200.00
clflush size    : 64
cache_alignment : 64
address sizes   : 46 bits physical, 48 bits virtual
power management:
processor       : 10
vendor_id       : GenuineIntel
cpu family      : 6
model           : 85
model name      : Intel(R) Core(TM) i9-7980XE CPU @ 2.60GHz
stepping        : 4
microcode       : 0x2006A08
cpu MHz         : 2600.000
cache size      : 25344 KB
physical id     : 0
siblings        : 36
core id         : 17
cpu cores       : 18
apicid          : 34
initial apicid  : 34
fpu             : yes
fpu_exception   : yes
cpuid level     : 20
wp              : yes
flags           : fpu vme de pse tsc msr pae mce cx8 apic sep mtrr pge mca cmov pat pse36 clflush dts acpi mmx fxsr sse sse2 ss ht tm pbe constant_tsc arch_perfmon rep_good nopl xtopology cpuid aperfmperf pni pclmuldq dtes64 monitor est tm2 ssse3 fma cx16 xtpr pdcm pcid sse4_1 sse4_2 movbe popcnt tsc_deadline_timer aes xsave avx f16c rdrand hypervisor lahf_lm epb fsgsbase bmi1 hle avx2 smep bmi2 erms invpcid rtm cqm mpx rdt_a avx512f avx512dq rdseed adx smap clflushopt clwb avx512cd avx512bw avx512vl xsaveopt xsavec xgetbv1 xsaves dtherm ida pln pts md_clear flush_l1d arch_capabilities
bogomips        : 5200.00
clflush size    : 64
cache_alignment : 64
address sizes   : 46 bits physical, 48 bits virtual
power management:
processor       : 11
vendor_id       : GenuineIntel
cpu family      : 6
model           : 85
model name      : Intel(R) Core(TM) i9-7980XE CPU @ 2.60GHz
stepping        : 4
microcode       : 0x2006A08
cpu MHz         : 2600.000
cache size      : 25344 KB
physical id     : 0
siblings        : 36
core id         : 18
cpu cores       : 18
apicid          : 36
initial apicid  : 36
fpu             : yes
fpu_exception   : yes
cpuid level     : 20
wp              : yes
flags           : fpu vme de pse tsc msr pae mce cx8 apic sep mtrr pge mca cmov pat pse36 clflush dts acpi mmx fxsr sse sse2 ss ht tm pbe constant_tsc arch_perfmon rep_good nopl xtopology cpuid aperfmperf pni pclmuldq dtes64 monitor est tm2 ssse3 fma cx16 xtpr pdcm pcid sse4_1 sse4_2 movbe popcnt tsc_deadline_timer aes xsave avx f16c rdrand hypervisor lahf_lm epb fsgsbase bmi1 hle avx2 smep bmi2 erms invpcid rtm cqm mpx rdt_a avx512f avx512dq rdseed adx smap clflushopt clwb avx512cd avx512bw avx512vl xsaveopt xsavec xgetbv1 xsaves dtherm ida pln pts md_clear flush_l1d arch_capabilities
bogomips        : 5200.00
clflush size    : 64
cache_alignment : 64
address sizes   : 46 bits physical, 48 bits virtual
power management:
processor       : 12
vendor_id       : GenuineIntel
cpu family      : 6
model           : 85
model name      : Intel(R) Core(TM) i9-7980XE CPU @ 2.60GHz
stepping        : 4
microcode       : 0x2006A08
cpu MHz         : 2600.000
cache size      : 25344 KB
physical id     : 0
siblings        : 36
core id         : 19
cpu cores       : 18
apicid          : 38
initial apicid  : 38
fpu             : yes
fpu_exception   : yes
cpuid level     : 20
wp              : yes
flags           : fpu vme de pse tsc msr pae mce cx8 apic sep mtrr pge mca cmov pat pse36 clflush dts acpi mmx fxsr sse sse2 ss ht tm pbe constant_tsc arch_perfmon rep_good nopl xtopology cpuid aperfmperf pni pclmuldq dtes64 monitor est tm2 ssse3 fma cx16 xtpr pdcm pcid sse4_1 sse4_2 movbe popcnt tsc_deadline_timer aes xsave avx f16c rdrand hypervisor lahf_lm epb fsgsbase bmi1 hle avx2 smep bmi2 erms invpcid rtm cqm mpx rdt_a avx512f avx512dq rdseed adx smap clflushopt clwb avx512cd avx512bw avx512vl xsaveopt xsavec xgetbv1 xsaves dtherm ida pln pts md_clear flush_l1d arch_capabilities
bogomips        : 5200.00
clflush size    : 64
cache_alignment : 64
address sizes   : 46 bits physical, 48 bits virtual
power management:
processor       : 13
vendor_id       : GenuineIntel
cpu family      : 6
model           : 85
model name      : Intel(R) Core(TM) i9-7980XE CPU @ 2.60GHz
stepping        : 4
microcode       : 0x2006A08
cpu MHz         : 2600.000
cache size      : 25344 KB
physical id     : 0
siblings        : 36
core id         : 20
cpu cores       : 18
apicid          : 40
initial apicid  : 40
fpu             : yes
fpu_exception   : yes
cpuid level     : 20
wp              : yes
flags           : fpu vme de pse tsc msr pae mce cx8 apic sep mtrr pge mca cmov pat pse36 clflush dts acpi mmx fxsr sse sse2 ss ht tm pbe constant_tsc arch_perfmon rep_good nopl xtopology cpuid aperfmperf pni pclmuldq dtes64 monitor est tm2 ssse3 fma cx16 xtpr pdcm pcid sse4_1 sse4_2 movbe popcnt tsc_deadline_timer aes xsave avx f16c rdrand hypervisor lahf_lm epb fsgsbase bmi1 hle avx2 smep bmi2 erms invpcid rtm cqm mpx rdt_a avx512f avx512dq rdseed adx smap clflushopt clwb avx512cd avx512bw avx512vl xsaveopt xsavec xgetbv1 xsaves dtherm ida pln pts md_clear flush_l1d arch_capabilities
bogomips        : 5200.00
clflush size    : 64
cache_alignment : 64
address sizes   : 46 bits physical, 48 bits virtual
power management:
processor       : 14
vendor_id       : GenuineIntel
cpu family      : 6
model           : 85
model name      : Intel(R) Core(TM) i9-7980XE CPU @ 2.60GHz
stepping        : 4
microcode       : 0x2006A08
cpu MHz         : 2600.000
cache size      : 25344 KB
physical id     : 0
siblings        : 36
core id         : 24
cpu cores       : 18
apicid          : 48
initial apicid  : 48
fpu             : yes
fpu_exception   : yes
cpuid level     : 20
wp              : yes
flags           : fpu vme de pse tsc msr pae mce cx8 apic sep mtrr pge mca cmov pat pse36 clflush dts acpi mmx fxsr sse sse2 ss ht tm pbe constant_tsc arch_perfmon rep_good nopl xtopology cpuid aperfmperf pni pclmuldq dtes64 monitor est tm2 ssse3 fma cx16 xtpr pdcm pcid sse4_1 sse4_2 movbe popcnt tsc_deadline_timer aes xsave avx f16c rdrand hypervisor lahf_lm epb fsgsbase bmi1 hle avx2 smep bmi2 erms invpcid rtm cqm mpx rdt_a avx512f avx512dq rdseed adx smap clflushopt clwb avx512cd avx512bw avx512vl xsaveopt xsavec xgetbv1 xsaves dtherm ida pln pts md_clear flush_l1d arch_capabilities
bogomips        : 5200.00
clflush size    : 64
cache_alignment : 64
address sizes   : 46 bits physical, 48 bits virtual
power management:
processor       : 15
vendor_id       : GenuineIntel
cpu family      : 6
model           : 85
model name      : Intel(R) Core(TM) i9-7980XE CPU @ 2.60GHz
stepping        : 4
microcode       : 0x2006A08
cpu MHz         : 2600.000
cache size      : 25344 KB
physical id     : 0
siblings        : 36
core id         : 25
cpu cores       : 18
apicid          : 50
initial apicid  : 50
fpu             : yes
fpu_exception   : yes
cpuid level     : 20
wp              : yes
flags           : fpu vme de pse tsc msr pae mce cx8 apic sep mtrr pge mca cmov pat pse36 clflush dts acpi mmx fxsr sse sse2 ss ht tm pbe constant_tsc arch_perfmon rep_good nopl xtopology cpuid aperfmperf pni pclmuldq dtes64 monitor est tm2 ssse3 fma cx16 xtpr pdcm pcid sse4_1 sse4_2 movbe popcnt tsc_deadline_timer aes xsave avx f16c rdrand hypervisor lahf_lm epb fsgsbase bmi1 hle avx2 smep bmi2 erms invpcid rtm cqm mpx rdt_a avx512f avx512dq rdseed adx smap clflushopt clwb avx512cd avx512bw avx512vl xsaveopt xsavec xgetbv1 xsaves dtherm ida pln pts md_clear flush_l1d arch_capabilities
bogomips        : 5200.00
clflush size    : 64
cache_alignment : 64
address sizes   : 46 bits physical, 48 bits virtual
power management:
processor       : 16
vendor_id       : GenuineIntel
cpu family      : 6
model           : 85
model name      : Intel(R) Core(TM) i9-7980XE CPU @ 2.60GHz
stepping        : 4
microcode       : 0x2006A08
cpu MHz         : 2600.000
cache size      : 25344 KB
physical id     : 0
siblings        : 36
core id         : 26
cpu cores       : 18
apicid          : 52
initial apicid  : 52
fpu             : yes
fpu_exception   : yes
cpuid level     : 20
wp              : yes
flags           : fpu vme de pse tsc msr pae mce cx8 apic sep mtrr pge mca cmov pat pse36 clflush dts acpi mmx fxsr sse sse2 ss ht tm pbe constant_tsc arch_perfmon rep_good nopl xtopology cpuid aperfmperf pni pclmuldq dtes64 monitor est tm2 ssse3 fma cx16 xtpr pdcm pcid sse4_1 sse4_2 movbe popcnt tsc_deadline_timer aes xsave avx f16c rdrand hypervisor lahf_lm epb fsgsbase bmi1 hle avx2 smep bmi2 erms invpcid rtm cqm mpx rdt_a avx512f avx512dq rdseed adx smap clflushopt clwb avx512cd avx512bw avx512vl xsaveopt xsavec xgetbv1 xsaves dtherm ida pln pts md_clear flush_l1d arch_capabilities
bogomips        : 5200.00
clflush size    : 64
cache_alignment : 64
address sizes   : 46 bits physical, 48 bits virtual
power management:
processor       : 17
vendor_id       : GenuineIntel
cpu family      : 6
model           : 85
model name      : Intel(R) Core(TM) i9-7980XE CPU @ 2.60GHz
stepping        : 4
microcode       : 0x2006A08
cpu MHz         : 2600.000
cache size      : 25344 KB
physical id     : 0
siblings        : 36
core id         : 27
cpu cores       : 18
apicid          : 54
initial apicid  : 54
fpu             : yes
fpu_exception   : yes
cpuid level     : 20
wp              : yes
flags           : fpu vme de pse tsc msr pae mce cx8 apic sep mtrr pge mca cmov pat pse36 clflush dts acpi mmx fxsr sse sse2 ss ht tm pbe constant_tsc arch_perfmon rep_good nopl xtopology cpuid aperfmperf pni pclmuldq dtes64 monitor est tm2 ssse3 fma cx16 xtpr pdcm pcid sse4_1 sse4_2 movbe popcnt tsc_deadline_timer aes xsave avx f16c rdrand hypervisor lahf_lm epb fsgsbase bmi1 hle avx2 smep bmi2 erms invpcid rtm cqm mpx rdt_a avx512f avx512dq rdseed adx smap clflushopt clwb avx512cd avx512bw avx512vl xsaveopt xsavec xgetbv1 xsaves dtherm ida pln pts md_clear flush_l1d arch_capabilities
bogomips        : 5200.00
clflush size    : 64
cache_alignment : 64
address sizes   : 46 bits physical, 48 bits virtual
power management:                                                                                                                                                                                     winpc_MSYS2_gcc_llama.cpp.log                                                                       000644  000765  000024  00000103135 14670112000 016360  0                                                                                                    ustar 00yuu                             staff                           000000  000000                                                                                                                                                                         
YUU@DESKTOP-NBRPOP4 MSYS ~/llama.cpp-dev
$ ll
合計 137
drwxr-xr-x 1 YUU なし     0  9月 11 01:39 ./
drwxr-xr-x 1 YUU なし     0  9月 11 02:06 ../
drwxr-xr-x 1 YUU なし     0  9月 11 02:06 .git/
-rw-r--r-- 1 YUU なし  3373  9月 11 01:36 .gitignore
-rw-r--r-- 1 YUU なし   163  9月  9 15:03 andoroid.md
-rw-r--r-- 1 YUU なし 82968  9月 11 00:57 build_log_20240911_004741.txt
-rw-r--r-- 1 YUU なし   471  9月 11 01:38 docker-compose.yml
-rw-r--r-- 1 YUU なし   869  9月 10 17:28 Dockerfile
-rwxr-xr-x 1 YUU なし   135  9月 10 13:07 exec.sh*
drwxr-xr-x 1 YUU なし     0  9月 11 00:47 llama.cpp_build/
drwxr-xr-x 1 YUU なし     0  9月 10 13:07 llama-cpp-python/
-rw-r--r-- 1 YUU なし 16220  9月 11 02:00 main.log
drwxr-xr-x 1 YUU なし     0  9月 10 13:18 model/
-rw-r--r-- 1 YUU なし  7782  9月 11 01:55 README.md
-rw-r--r-- 1 YUU なし    25  9月 10 13:07 requirements.txt
drwxr-xr-x 1 YUU なし     0  9月 11 02:03 result/
-rwxr-xr-x 1 YUU なし   192  9月 10 13:07 up_down.sh*

YUU@DESKTOP-NBRPOP4 MSYS ~/llama.cpp-dev
$ ./llama.cpp_build/llama.cpp_b3707/llama-cli -m ./model/Llama-3-ELYZA-JP-8B-GGUF/Llama-3-ELYZA-JP-8B-q4_k_m.gguf --color -i -n 1024 -i --seed 42 -p "you are a helpful assistant" -cnv
Log start
main: build = 3707 (daa9623a)
main: built with cc.exe (Rev1, Built by MSYS2 project) 14.2.0 for x86_64-w64-mingw32
main: seed = 42
llama_model_loader: loaded meta data with 22 key-value pairs and 291 tensors from ./model/Llama-3-ELYZA-JP-8B-GGUF/Llama-3-ELYZA-JP-8B-q4_k_m.gguf (version GGUF V3 (latest))
llama_model_loader: Dumping metadata keys/values. Note: KV overrides do not apply in this output.
llama_model_loader: - kv   0:                       general.architecture str              = llama
llama_model_loader: - kv   1:                               general.name str              = Llama-3-8B-optimal-merged-stage2
llama_model_loader: - kv   2:                          llama.block_count u32              = 32
llama_model_loader: - kv   3:                       llama.context_length u32              = 8192
llama_model_loader: - kv   4:                     llama.embedding_length u32              = 4096
llama_model_loader: - kv   5:                  llama.feed_forward_length u32              = 14336
llama_model_loader: - kv   6:                 llama.attention.head_count u32              = 32
llama_model_loader: - kv   7:              llama.attention.head_count_kv u32              = 8
llama_model_loader: - kv   8:                       llama.rope.freq_base f32              = 500000.000000
llama_model_loader: - kv   9:     llama.attention.layer_norm_rms_epsilon f32              = 0.000010
llama_model_loader: - kv  10:                          general.file_type u32              = 15
llama_model_loader: - kv  11:                           llama.vocab_size u32              = 128256
llama_model_loader: - kv  12:                 llama.rope.dimension_count u32              = 128
llama_model_loader: - kv  13:                       tokenizer.ggml.model str              = gpt2
llama_model_loader: - kv  14:                         tokenizer.ggml.pre str              = llama-bpe
llama_model_loader: - kv  15:                      tokenizer.ggml.tokens arr[str,128256]  = ["!", "\"", "#", "$", "%", "&", "'", ...
llama_model_loader: - kv  16:                  tokenizer.ggml.token_type arr[i32,128256]  = [1, 1, 1, 1, 1, 1, 1, 1, 1, 1, 1, 1, ...
llama_model_loader: - kv  17:                      tokenizer.ggml.merges arr[str,280147]  = ["Ġ Ġ", "Ġ ĠĠĠ", "ĠĠ ĠĠ", "...
llama_model_loader: - kv  18:                tokenizer.ggml.bos_token_id u32              = 128000
llama_model_loader: - kv  19:                tokenizer.ggml.eos_token_id u32              = 128009
llama_model_loader: - kv  20:                    tokenizer.chat_template str              = {% set loop_messages = messages %}{% ...
llama_model_loader: - kv  21:               general.quantization_version u32              = 2
llama_model_loader: - type  f32:   65 tensors
llama_model_loader: - type q4_K:  193 tensors
llama_model_loader: - type q6_K:   33 tensors
llm_load_vocab: special tokens cache size = 256
llm_load_vocab: token to piece cache size = 0.8000 MB
llm_load_print_meta: format           = GGUF V3 (latest)
llm_load_print_meta: arch             = llama
llm_load_print_meta: vocab type       = BPE
llm_load_print_meta: n_vocab          = 128256
llm_load_print_meta: n_merges         = 280147
llm_load_print_meta: vocab_only       = 0
llm_load_print_meta: n_ctx_train      = 8192
llm_load_print_meta: n_embd           = 4096
llm_load_print_meta: n_layer          = 32
llm_load_print_meta: n_head           = 32
llm_load_print_meta: n_head_kv        = 8
llm_load_print_meta: n_rot            = 128
llm_load_print_meta: n_swa            = 0
llm_load_print_meta: n_embd_head_k    = 128
llm_load_print_meta: n_embd_head_v    = 128
llm_load_print_meta: n_gqa            = 4
llm_load_print_meta: n_embd_k_gqa     = 1024
llm_load_print_meta: n_embd_v_gqa     = 1024
llm_load_print_meta: f_norm_eps       = 0.0e+00
llm_load_print_meta: f_norm_rms_eps   = 1.0e-05
llm_load_print_meta: f_clamp_kqv      = 0.0e+00
llm_load_print_meta: f_max_alibi_bias = 0.0e+00
llm_load_print_meta: f_logit_scale    = 0.0e+00
llm_load_print_meta: n_ff             = 14336
llm_load_print_meta: n_expert         = 0
llm_load_print_meta: n_expert_used    = 0
llm_load_print_meta: causal attn      = 1
llm_load_print_meta: pooling type     = 0
llm_load_print_meta: rope type        = 0
llm_load_print_meta: rope scaling     = linear
llm_load_print_meta: freq_base_train  = 500000.0
llm_load_print_meta: freq_scale_train = 1
llm_load_print_meta: n_ctx_orig_yarn  = 8192
llm_load_print_meta: rope_finetuned   = unknown
llm_load_print_meta: ssm_d_conv       = 0
llm_load_print_meta: ssm_d_inner      = 0
llm_load_print_meta: ssm_d_state      = 0
llm_load_print_meta: ssm_dt_rank      = 0
llm_load_print_meta: ssm_dt_b_c_rms   = 0
llm_load_print_meta: model type       = 8B
llm_load_print_meta: model ftype      = Q4_K - Medium
llm_load_print_meta: model params     = 8.03 B
llm_load_print_meta: model size       = 4.58 GiB (4.89 BPW)
llm_load_print_meta: general.name     = Llama-3-8B-optimal-merged-stage2
llm_load_print_meta: BOS token        = 128000 '<|begin_of_text|>'
llm_load_print_meta: EOS token        = 128009 '<|eot_id|>'
llm_load_print_meta: LF token         = 128 'Ä'
llm_load_print_meta: EOT token        = 128009 '<|eot_id|>'
llm_load_print_meta: max token length = 256
llm_load_tensors: ggml ctx size =    0.14 MiB
llm_load_tensors:        CPU buffer size =  4685.30 MiB
........................................................................................
llama_new_context_with_model: n_ctx      = 8192
llama_new_context_with_model: n_batch    = 2048
llama_new_context_with_model: n_ubatch   = 512
llama_new_context_with_model: flash_attn = 0
llama_new_context_with_model: freq_base  = 500000.0
llama_new_context_with_model: freq_scale = 1
llama_kv_cache_init:        CPU KV buffer size =  1024.00 MiB
llama_new_context_with_model: KV self size  = 1024.00 MiB, K (f16):  512.00 MiB, V (f16):  512.00 MiB
llama_new_context_with_model:        CPU  output buffer size =     0.49 MiB
llama_new_context_with_model:        CPU compute buffer size =   560.01 MiB
llama_new_context_with_model: graph nodes  = 1030
llama_new_context_with_model: graph splits = 1
main: chat template example: <|start_header_id|>system<|end_header_id|>

You are a helpful assistant<|eot_id|><|start_header_id|>user<|end_header_id|>

Hello<|eot_id|><|start_header_id|>assistant<|end_header_id|>

Hi there<|eot_id|><|start_header_id|>user<|end_header_id|>

How are you?<|eot_id|><|start_header_id|>assistant<|end_header_id|>



system_info: n_threads = 9 (n_threads_batch = 9) / 18 | AVX = 1 | AVX_VNNI = 0 | AVX2 = 1 | AVX512 = 1 | AVX512_VBMI = 0 | AVX512_VNNI = 0 | AVX512_BF16 = 0 | FMA = 1 | NEON = 0 | SVE = 0 | ARM_FMA = 0 | F16C = 1 | FP16_VA = 0 | WASM_SIMD = 0 | BLAS = 0 | SSE3 = 1 | SSSE3 = 1 | VSX = 0 | MATMUL_INT8 = 0 | LLAMAFILE = 1 |
main: interactive mode on.
sampling params:
        repeat_last_n = 64, repeat_penalty = 1.000, frequency_penalty = 0.000, presence_penalty = 0.000
        top_k = 40, tfs_z = 1.000, top_p = 0.950, min_p = 0.050, typical_p = 1.000, temp = 0.800
        mirostat = 0, mirostat_lr = 0.100, mirostat_ent = 5.000
 sampler constr:
        logits -> logit-bias -> penalties -> top-k -> tail-free -> typical -> top-p -> min-p -> temp-ext -> softmax -> dist
generate: n_ctx = 8192, n_batch = 2048, n_predict = 1024, n_keep = 1


== Running in interactive mode. ==
 - Press Ctrl+C to interject at any time.
 - Press Return to return control to the AI.
 - To return control without starting a new line, end your input with '/'.
 - If you want to submit another line, end your input with '\'.

system

you are a helpful assistant


> 量子力学について日本語20文字以内で教えて下さい。
「量子力学」は、原子や子粒子を研究対象にした物理学の一分野です。

>
llama_perf_print:    sampling time =       7.01 ms /    54 runs   (    0.13 ms per token,  7704.38 tokens per second)
llama_perf_print:        load time =    2294.02 ms
llama_perf_print: prompt eval time =    4085.07 ms /    37 tokens (  110.41 ms per token,     9.06 tokens per second)
llama_perf_print:        eval time =    6737.32 ms /    27 runs   (  249.53 ms per token,     4.01 tokens per second)
llama_perf_print:       total time =   13801.38 ms /    64 tokens

YUU@DESKTOP-NBRPOP4 MSYS ~/llama.cpp-dev
$ uname -a
MSYS_NT-10.0-22631 DESKTOP-NBRPOP4 3.5.4-0bc1222b.x86_64 2024-09-04 18:28 UTC x86_64 Msys

YUU@DESKTOP-NBRPOP4 MSYS ~/llama.cpp-dev
$ python -V
Python 3.11.9

YUU@DESKTOP-NBRPOP4 MSYS ~/llama.cpp-dev
$ pip list
Package           Version
----------------- -------
diskcache         5.6.3
distlib           0.3.8
Jinja2            3.1.4
llama_cpp_python  0.2.90
MarkupSafe        2.1.5
numpy             2.1.1
pip               24.1.2
setuptools        74.0.0
typing_extensions 4.12.2

YUU@DESKTOP-NBRPOP4 MSYS ~/llama.cpp-dev
$ gcc -v
Using built-in specs.
COLLECT_GCC=C:\msys64\mingw64\bin\gcc.exe
COLLECT_LTO_WRAPPER=C:/msys64/mingw64/bin/../lib/gcc/x86_64-w64-mingw32/14.2.0/lto-wrapper.exe
Target: x86_64-w64-mingw32
Configured with: ../gcc-14.2.0/configure --prefix=/mingw64 --with-local-prefix=/mingw64/local --build=x86_64-w64-mingw32 --host=x86_64-w64-mingw32 --target=x86_64-w64-mingw32 --with-native-system-header-dir=/mingw64/include --libexecdir=/mingw64/lib --enable-bootstrap --enable-checking=release --with-arch=nocona --with-tune=generic --enable-languages=c,lto,c++,fortran,ada,objc,obj-c++,rust,jit --enable-shared --enable-static --enable-libatomic --enable-threads=posix --enable-graphite --enable-fully-dynamic-string --enable-libstdcxx-filesystem-ts --enable-libstdcxx-time --disable-libstdcxx-pch --enable-lto --enable-libgomp --disable-libssp --disable-multilib --disable-rpath --disable-win32-registry --disable-nls --disable-werror --disable-symvers --with-libiconv --with-system-zlib --with-gmp=/mingw64 --with-mpfr=/mingw64 --with-mpc=/mingw64 --with-isl=/mingw64 --with-pkgversion='Rev1, Built by MSYS2 project' --with-bugurl=https://github.com/msys2/MINGW-packages/issues --with-gnu-as --with-gnu-ld --disable-libstdcxx-debug --enable-plugin --with-boot-ldflags=-static-libstdc++ --with-stage1-ldflags=-static-libstdc++
Thread model: posix
Supported LTO compression algorithms: zlib zstd
gcc version 14.2.0 (Rev1, Built by MSYS2 project)

YUU@DESKTOP-NBRPOP4 MSYS ~/llama.cpp-dev
$ clang -v
bash: clang: コマンドが見つかりません

YUU@DESKTOP-NBRPOP4 MSYS ~/llama.cpp-dev
$ sha256sum ./model/Llama-3-ELYZA-JP-8B-GGUF/Llama-3-ELYZA-JP-8B-q4_k_m.gguf
91553c45080b11d95be21bb67961c9a5d2ed7556275423efaaad6df54ba9beae *./model/Llama-3-ELYZA-JP-8B-GGUF/Llama-3-ELYZA-JP-8B-q4_k_m.gguf

YUU@DESKTOP-NBRPOP4 MSYS ~/llama.cpp-dev
$ sha256sum ./llama.cpp_build/llama.cpp_b3707/llama-cli.exe
c78151284d8cb941b7604b680a135631558015a5c41325bbfdc15ebb7da541f2 *./llama.cpp_build/llama.cpp_b3707/llama-cli.exe

YUU@DESKTOP-NBRPOP4 MSYS ~/llama.cpp-dev
$ cat /proc/cpuinfo
processor       : 0
vendor_id       : GenuineIntel
cpu family      : 6
model           : 85
model name      : Intel(R) Core(TM) i9-7980XE CPU @ 2.60GHz
stepping        : 4
microcode       : 0x2006A08
cpu MHz         : 2600.000
cache size      : 25344 KB
physical id     : 0
siblings        : 36
core id         : 0
cpu cores       : 18
apicid          : 0
initial apicid  : 0
fpu             : yes
fpu_exception   : yes
cpuid level     : 20
wp              : yes
flags           : fpu vme de pse tsc msr pae mce cx8 apic sep mtrr pge mca cmov pat pse36 clflush dts acpi mmx fxsr sse sse2 ss ht tm pbe constant_tsc arch_perfmon rep_good nopl xtopology cpuid aperfmperf pni pclmuldq dtes64 monitor est tm2 ssse3 fma cx16 xtpr pdcm pcid sse4_1 sse4_2 movbe popcnt tsc_deadline_timer aes xsave avx f16c rdrand hypervisor lahf_lm epb fsgsbase bmi1 hle avx2 smep bmi2 erms invpcid rtm cqm mpx rdt_a avx512f avx512dq rdseed adx smap clflushopt clwb avx512cd avx512bw avx512vl xsaveopt xsavec xgetbv1 xsaves dtherm ida pln pts md_clear flush_l1d arch_capabilities
bogomips        : 5200.00
clflush size    : 64
cache_alignment : 64
address sizes   : 46 bits physical, 48 bits virtual
power management:
processor       : 1
vendor_id       : GenuineIntel
cpu family      : 6
model           : 85
model name      : Intel(R) Core(TM) i9-7980XE CPU @ 2.60GHz
stepping        : 4
microcode       : 0x2006A08
cpu MHz         : 2600.000
cache size      : 25344 KB
physical id     : 0
siblings        : 36
core id         : 1
cpu cores       : 18
apicid          : 2
initial apicid  : 2
fpu             : yes
fpu_exception   : yes
cpuid level     : 20
wp              : yes
flags           : fpu vme de pse tsc msr pae mce cx8 apic sep mtrr pge mca cmov pat pse36 clflush dts acpi mmx fxsr sse sse2 ss ht tm pbe constant_tsc arch_perfmon rep_good nopl xtopology cpuid aperfmperf pni pclmuldq dtes64 monitor est tm2 ssse3 fma cx16 xtpr pdcm pcid sse4_1 sse4_2 movbe popcnt tsc_deadline_timer aes xsave avx f16c rdrand hypervisor lahf_lm epb fsgsbase bmi1 hle avx2 smep bmi2 erms invpcid rtm cqm mpx rdt_a avx512f avx512dq rdseed adx smap clflushopt clwb avx512cd avx512bw avx512vl xsaveopt xsavec xgetbv1 xsaves dtherm ida pln pts md_clear flush_l1d arch_capabilities
bogomips        : 5200.00
clflush size    : 64
cache_alignment : 64
address sizes   : 46 bits physical, 48 bits virtual
power management:
processor       : 2
vendor_id       : GenuineIntel
cpu family      : 6
model           : 85
model name      : Intel(R) Core(TM) i9-7980XE CPU @ 2.60GHz
stepping        : 4
microcode       : 0x2006A08
cpu MHz         : 2600.000
cache size      : 25344 KB
physical id     : 0
siblings        : 36
core id         : 2
cpu cores       : 18
apicid          : 4
initial apicid  : 4
fpu             : yes
fpu_exception   : yes
cpuid level     : 20
wp              : yes
flags           : fpu vme de pse tsc msr pae mce cx8 apic sep mtrr pge mca cmov pat pse36 clflush dts acpi mmx fxsr sse sse2 ss ht tm pbe constant_tsc arch_perfmon rep_good nopl xtopology cpuid aperfmperf pni pclmuldq dtes64 monitor est tm2 ssse3 fma cx16 xtpr pdcm pcid sse4_1 sse4_2 movbe popcnt tsc_deadline_timer aes xsave avx f16c rdrand hypervisor lahf_lm epb fsgsbase bmi1 hle avx2 smep bmi2 erms invpcid rtm cqm mpx rdt_a avx512f avx512dq rdseed adx smap clflushopt clwb avx512cd avx512bw avx512vl xsaveopt xsavec xgetbv1 xsaves dtherm ida pln pts md_clear flush_l1d arch_capabilities
bogomips        : 5200.00
clflush size    : 64
cache_alignment : 64
address sizes   : 46 bits physical, 48 bits virtual
power management:
processor       : 3
vendor_id       : GenuineIntel
cpu family      : 6
model           : 85
model name      : Intel(R) Core(TM) i9-7980XE CPU @ 2.60GHz
stepping        : 4
microcode       : 0x2006A08
cpu MHz         : 2600.000
cache size      : 25344 KB
physical id     : 0
siblings        : 36
core id         : 3
cpu cores       : 18
apicid          : 6
initial apicid  : 6
fpu             : yes
fpu_exception   : yes
cpuid level     : 20
wp              : yes
flags           : fpu vme de pse tsc msr pae mce cx8 apic sep mtrr pge mca cmov pat pse36 clflush dts acpi mmx fxsr sse sse2 ss ht tm pbe constant_tsc arch_perfmon rep_good nopl xtopology cpuid aperfmperf pni pclmuldq dtes64 monitor est tm2 ssse3 fma cx16 xtpr pdcm pcid sse4_1 sse4_2 movbe popcnt tsc_deadline_timer aes xsave avx f16c rdrand hypervisor lahf_lm epb fsgsbase bmi1 hle avx2 smep bmi2 erms invpcid rtm cqm mpx rdt_a avx512f avx512dq rdseed adx smap clflushopt clwb avx512cd avx512bw avx512vl xsaveopt xsavec xgetbv1 xsaves dtherm ida pln pts md_clear flush_l1d arch_capabilities
bogomips        : 5200.00
clflush size    : 64
cache_alignment : 64
address sizes   : 46 bits physical, 48 bits virtual
power management:
processor       : 4
vendor_id       : GenuineIntel
cpu family      : 6
model           : 85
model name      : Intel(R) Core(TM) i9-7980XE CPU @ 2.60GHz
stepping        : 4
microcode       : 0x2006A08
cpu MHz         : 2600.000
cache size      : 25344 KB
physical id     : 0
siblings        : 36
core id         : 4
cpu cores       : 18
apicid          : 8
initial apicid  : 8
fpu             : yes
fpu_exception   : yes
cpuid level     : 20
wp              : yes
flags           : fpu vme de pse tsc msr pae mce cx8 apic sep mtrr pge mca cmov pat pse36 clflush dts acpi mmx fxsr sse sse2 ss ht tm pbe constant_tsc arch_perfmon rep_good nopl xtopology cpuid aperfmperf pni pclmuldq dtes64 monitor est tm2 ssse3 fma cx16 xtpr pdcm pcid sse4_1 sse4_2 movbe popcnt tsc_deadline_timer aes xsave avx f16c rdrand hypervisor lahf_lm epb fsgsbase bmi1 hle avx2 smep bmi2 erms invpcid rtm cqm mpx rdt_a avx512f avx512dq rdseed adx smap clflushopt clwb avx512cd avx512bw avx512vl xsaveopt xsavec xgetbv1 xsaves dtherm ida pln pts md_clear flush_l1d arch_capabilities
bogomips        : 5200.00
clflush size    : 64
cache_alignment : 64
address sizes   : 46 bits physical, 48 bits virtual
power management:
processor       : 5
vendor_id       : GenuineIntel
cpu family      : 6
model           : 85
model name      : Intel(R) Core(TM) i9-7980XE CPU @ 2.60GHz
stepping        : 4
microcode       : 0x2006A08
cpu MHz         : 2600.000
cache size      : 25344 KB
physical id     : 0
siblings        : 36
core id         : 8
cpu cores       : 18
apicid          : 16
initial apicid  : 16
fpu             : yes
fpu_exception   : yes
cpuid level     : 20
wp              : yes
flags           : fpu vme de pse tsc msr pae mce cx8 apic sep mtrr pge mca cmov pat pse36 clflush dts acpi mmx fxsr sse sse2 ss ht tm pbe constant_tsc arch_perfmon rep_good nopl xtopology cpuid aperfmperf pni pclmuldq dtes64 monitor est tm2 ssse3 fma cx16 xtpr pdcm pcid sse4_1 sse4_2 movbe popcnt tsc_deadline_timer aes xsave avx f16c rdrand hypervisor lahf_lm epb fsgsbase bmi1 hle avx2 smep bmi2 erms invpcid rtm cqm mpx rdt_a avx512f avx512dq rdseed adx smap clflushopt clwb avx512cd avx512bw avx512vl xsaveopt xsavec xgetbv1 xsaves dtherm ida pln pts md_clear flush_l1d arch_capabilities
bogomips        : 5200.00
clflush size    : 64
cache_alignment : 64
address sizes   : 46 bits physical, 48 bits virtual
power management:
processor       : 6
vendor_id       : GenuineIntel
cpu family      : 6
model           : 85
model name      : Intel(R) Core(TM) i9-7980XE CPU @ 2.60GHz
stepping        : 4
microcode       : 0x2006A08
cpu MHz         : 2600.000
cache size      : 25344 KB
physical id     : 0
siblings        : 36
core id         : 9
cpu cores       : 18
apicid          : 18
initial apicid  : 18
fpu             : yes
fpu_exception   : yes
cpuid level     : 20
wp              : yes
flags           : fpu vme de pse tsc msr pae mce cx8 apic sep mtrr pge mca cmov pat pse36 clflush dts acpi mmx fxsr sse sse2 ss ht tm pbe constant_tsc arch_perfmon rep_good nopl xtopology cpuid aperfmperf pni pclmuldq dtes64 monitor est tm2 ssse3 fma cx16 xtpr pdcm pcid sse4_1 sse4_2 movbe popcnt tsc_deadline_timer aes xsave avx f16c rdrand hypervisor lahf_lm epb fsgsbase bmi1 hle avx2 smep bmi2 erms invpcid rtm cqm mpx rdt_a avx512f avx512dq rdseed adx smap clflushopt clwb avx512cd avx512bw avx512vl xsaveopt xsavec xgetbv1 xsaves dtherm ida pln pts md_clear flush_l1d arch_capabilities
bogomips        : 5200.00
clflush size    : 64
cache_alignment : 64
address sizes   : 46 bits physical, 48 bits virtual
power management:
processor       : 7
vendor_id       : GenuineIntel
cpu family      : 6
model           : 85
model name      : Intel(R) Core(TM) i9-7980XE CPU @ 2.60GHz
stepping        : 4
microcode       : 0x2006A08
cpu MHz         : 2600.000
cache size      : 25344 KB
physical id     : 0
siblings        : 36
core id         : 10
cpu cores       : 18
apicid          : 20
initial apicid  : 20
fpu             : yes
fpu_exception   : yes
cpuid level     : 20
wp              : yes
flags           : fpu vme de pse tsc msr pae mce cx8 apic sep mtrr pge mca cmov pat pse36 clflush dts acpi mmx fxsr sse sse2 ss ht tm pbe constant_tsc arch_perfmon rep_good nopl xtopology cpuid aperfmperf pni pclmuldq dtes64 monitor est tm2 ssse3 fma cx16 xtpr pdcm pcid sse4_1 sse4_2 movbe popcnt tsc_deadline_timer aes xsave avx f16c rdrand hypervisor lahf_lm epb fsgsbase bmi1 hle avx2 smep bmi2 erms invpcid rtm cqm mpx rdt_a avx512f avx512dq rdseed adx smap clflushopt clwb avx512cd avx512bw avx512vl xsaveopt xsavec xgetbv1 xsaves dtherm ida pln pts md_clear flush_l1d arch_capabilities
bogomips        : 5200.00
clflush size    : 64
cache_alignment : 64
address sizes   : 46 bits physical, 48 bits virtual
power management:
processor       : 8
vendor_id       : GenuineIntel
cpu family      : 6
model           : 85
model name      : Intel(R) Core(TM) i9-7980XE CPU @ 2.60GHz
stepping        : 4
microcode       : 0x2006A08
cpu MHz         : 2600.000
cache size      : 25344 KB
physical id     : 0
siblings        : 36
core id         : 11
cpu cores       : 18
apicid          : 22
initial apicid  : 22
fpu             : yes
fpu_exception   : yes
cpuid level     : 20
wp              : yes
flags           : fpu vme de pse tsc msr pae mce cx8 apic sep mtrr pge mca cmov pat pse36 clflush dts acpi mmx fxsr sse sse2 ss ht tm pbe constant_tsc arch_perfmon rep_good nopl xtopology cpuid aperfmperf pni pclmuldq dtes64 monitor est tm2 ssse3 fma cx16 xtpr pdcm pcid sse4_1 sse4_2 movbe popcnt tsc_deadline_timer aes xsave avx f16c rdrand hypervisor lahf_lm epb fsgsbase bmi1 hle avx2 smep bmi2 erms invpcid rtm cqm mpx rdt_a avx512f avx512dq rdseed adx smap clflushopt clwb avx512cd avx512bw avx512vl xsaveopt xsavec xgetbv1 xsaves dtherm ida pln pts md_clear flush_l1d arch_capabilities
bogomips        : 5200.00
clflush size    : 64
cache_alignment : 64
address sizes   : 46 bits physical, 48 bits virtual
power management:
processor       : 9
vendor_id       : GenuineIntel
cpu family      : 6
model           : 85
model name      : Intel(R) Core(TM) i9-7980XE CPU @ 2.60GHz
stepping        : 4
microcode       : 0x2006A08
cpu MHz         : 2600.000
cache size      : 25344 KB
physical id     : 0
siblings        : 36
core id         : 16
cpu cores       : 18
apicid          : 32
initial apicid  : 32
fpu             : yes
fpu_exception   : yes
cpuid level     : 20
wp              : yes
flags           : fpu vme de pse tsc msr pae mce cx8 apic sep mtrr pge mca cmov pat pse36 clflush dts acpi mmx fxsr sse sse2 ss ht tm pbe constant_tsc arch_perfmon rep_good nopl xtopology cpuid aperfmperf pni pclmuldq dtes64 monitor est tm2 ssse3 fma cx16 xtpr pdcm pcid sse4_1 sse4_2 movbe popcnt tsc_deadline_timer aes xsave avx f16c rdrand hypervisor lahf_lm epb fsgsbase bmi1 hle avx2 smep bmi2 erms invpcid rtm cqm mpx rdt_a avx512f avx512dq rdseed adx smap clflushopt clwb avx512cd avx512bw avx512vl xsaveopt xsavec xgetbv1 xsaves dtherm ida pln pts md_clear flush_l1d arch_capabilities
bogomips        : 5200.00
clflush size    : 64
cache_alignment : 64
address sizes   : 46 bits physical, 48 bits virtual
power management:
processor       : 10
vendor_id       : GenuineIntel
cpu family      : 6
model           : 85
model name      : Intel(R) Core(TM) i9-7980XE CPU @ 2.60GHz
stepping        : 4
microcode       : 0x2006A08
cpu MHz         : 2600.000
cache size      : 25344 KB
physical id     : 0
siblings        : 36
core id         : 17
cpu cores       : 18
apicid          : 34
initial apicid  : 34
fpu             : yes
fpu_exception   : yes
cpuid level     : 20
wp              : yes
flags           : fpu vme de pse tsc msr pae mce cx8 apic sep mtrr pge mca cmov pat pse36 clflush dts acpi mmx fxsr sse sse2 ss ht tm pbe constant_tsc arch_perfmon rep_good nopl xtopology cpuid aperfmperf pni pclmuldq dtes64 monitor est tm2 ssse3 fma cx16 xtpr pdcm pcid sse4_1 sse4_2 movbe popcnt tsc_deadline_timer aes xsave avx f16c rdrand hypervisor lahf_lm epb fsgsbase bmi1 hle avx2 smep bmi2 erms invpcid rtm cqm mpx rdt_a avx512f avx512dq rdseed adx smap clflushopt clwb avx512cd avx512bw avx512vl xsaveopt xsavec xgetbv1 xsaves dtherm ida pln pts md_clear flush_l1d arch_capabilities
bogomips        : 5200.00
clflush size    : 64
cache_alignment : 64
address sizes   : 46 bits physical, 48 bits virtual
power management:
processor       : 11
vendor_id       : GenuineIntel
cpu family      : 6
model           : 85
model name      : Intel(R) Core(TM) i9-7980XE CPU @ 2.60GHz
stepping        : 4
microcode       : 0x2006A08
cpu MHz         : 2600.000
cache size      : 25344 KB
physical id     : 0
siblings        : 36
core id         : 18
cpu cores       : 18
apicid          : 36
initial apicid  : 36
fpu             : yes
fpu_exception   : yes
cpuid level     : 20
wp              : yes
flags           : fpu vme de pse tsc msr pae mce cx8 apic sep mtrr pge mca cmov pat pse36 clflush dts acpi mmx fxsr sse sse2 ss ht tm pbe constant_tsc arch_perfmon rep_good nopl xtopology cpuid aperfmperf pni pclmuldq dtes64 monitor est tm2 ssse3 fma cx16 xtpr pdcm pcid sse4_1 sse4_2 movbe popcnt tsc_deadline_timer aes xsave avx f16c rdrand hypervisor lahf_lm epb fsgsbase bmi1 hle avx2 smep bmi2 erms invpcid rtm cqm mpx rdt_a avx512f avx512dq rdseed adx smap clflushopt clwb avx512cd avx512bw avx512vl xsaveopt xsavec xgetbv1 xsaves dtherm ida pln pts md_clear flush_l1d arch_capabilities
bogomips        : 5200.00
clflush size    : 64
cache_alignment : 64
address sizes   : 46 bits physical, 48 bits virtual
power management:
processor       : 12
vendor_id       : GenuineIntel
cpu family      : 6
model           : 85
model name      : Intel(R) Core(TM) i9-7980XE CPU @ 2.60GHz
stepping        : 4
microcode       : 0x2006A08
cpu MHz         : 2600.000
cache size      : 25344 KB
physical id     : 0
siblings        : 36
core id         : 19
cpu cores       : 18
apicid          : 38
initial apicid  : 38
fpu             : yes
fpu_exception   : yes
cpuid level     : 20
wp              : yes
flags           : fpu vme de pse tsc msr pae mce cx8 apic sep mtrr pge mca cmov pat pse36 clflush dts acpi mmx fxsr sse sse2 ss ht tm pbe constant_tsc arch_perfmon rep_good nopl xtopology cpuid aperfmperf pni pclmuldq dtes64 monitor est tm2 ssse3 fma cx16 xtpr pdcm pcid sse4_1 sse4_2 movbe popcnt tsc_deadline_timer aes xsave avx f16c rdrand hypervisor lahf_lm epb fsgsbase bmi1 hle avx2 smep bmi2 erms invpcid rtm cqm mpx rdt_a avx512f avx512dq rdseed adx smap clflushopt clwb avx512cd avx512bw avx512vl xsaveopt xsavec xgetbv1 xsaves dtherm ida pln pts md_clear flush_l1d arch_capabilities
bogomips        : 5200.00
clflush size    : 64
cache_alignment : 64
address sizes   : 46 bits physical, 48 bits virtual
power management:
processor       : 13
vendor_id       : GenuineIntel
cpu family      : 6
model           : 85
model name      : Intel(R) Core(TM) i9-7980XE CPU @ 2.60GHz
stepping        : 4
microcode       : 0x2006A08
cpu MHz         : 2600.000
cache size      : 25344 KB
physical id     : 0
siblings        : 36
core id         : 20
cpu cores       : 18
apicid          : 40
initial apicid  : 40
fpu             : yes
fpu_exception   : yes
cpuid level     : 20
wp              : yes
flags           : fpu vme de pse tsc msr pae mce cx8 apic sep mtrr pge mca cmov pat pse36 clflush dts acpi mmx fxsr sse sse2 ss ht tm pbe constant_tsc arch_perfmon rep_good nopl xtopology cpuid aperfmperf pni pclmuldq dtes64 monitor est tm2 ssse3 fma cx16 xtpr pdcm pcid sse4_1 sse4_2 movbe popcnt tsc_deadline_timer aes xsave avx f16c rdrand hypervisor lahf_lm epb fsgsbase bmi1 hle avx2 smep bmi2 erms invpcid rtm cqm mpx rdt_a avx512f avx512dq rdseed adx smap clflushopt clwb avx512cd avx512bw avx512vl xsaveopt xsavec xgetbv1 xsaves dtherm ida pln pts md_clear flush_l1d arch_capabilities
bogomips        : 5200.00
clflush size    : 64
cache_alignment : 64
address sizes   : 46 bits physical, 48 bits virtual
power management:
processor       : 14
vendor_id       : GenuineIntel
cpu family      : 6
model           : 85
model name      : Intel(R) Core(TM) i9-7980XE CPU @ 2.60GHz
stepping        : 4
microcode       : 0x2006A08
cpu MHz         : 2600.000
cache size      : 25344 KB
physical id     : 0
siblings        : 36
core id         : 24
cpu cores       : 18
apicid          : 48
initial apicid  : 48
fpu             : yes
fpu_exception   : yes
cpuid level     : 20
wp              : yes
flags           : fpu vme de pse tsc msr pae mce cx8 apic sep mtrr pge mca cmov pat pse36 clflush dts acpi mmx fxsr sse sse2 ss ht tm pbe constant_tsc arch_perfmon rep_good nopl xtopology cpuid aperfmperf pni pclmuldq dtes64 monitor est tm2 ssse3 fma cx16 xtpr pdcm pcid sse4_1 sse4_2 movbe popcnt tsc_deadline_timer aes xsave avx f16c rdrand hypervisor lahf_lm epb fsgsbase bmi1 hle avx2 smep bmi2 erms invpcid rtm cqm mpx rdt_a avx512f avx512dq rdseed adx smap clflushopt clwb avx512cd avx512bw avx512vl xsaveopt xsavec xgetbv1 xsaves dtherm ida pln pts md_clear flush_l1d arch_capabilities
bogomips        : 5200.00
clflush size    : 64
cache_alignment : 64
address sizes   : 46 bits physical, 48 bits virtual
power management:
processor       : 15
vendor_id       : GenuineIntel
cpu family      : 6
model           : 85
model name      : Intel(R) Core(TM) i9-7980XE CPU @ 2.60GHz
stepping        : 4
microcode       : 0x2006A08
cpu MHz         : 2600.000
cache size      : 25344 KB
physical id     : 0
siblings        : 36
core id         : 25
cpu cores       : 18
apicid          : 50
initial apicid  : 50
fpu             : yes
fpu_exception   : yes
cpuid level     : 20
wp              : yes
flags           : fpu vme de pse tsc msr pae mce cx8 apic sep mtrr pge mca cmov pat pse36 clflush dts acpi mmx fxsr sse sse2 ss ht tm pbe constant_tsc arch_perfmon rep_good nopl xtopology cpuid aperfmperf pni pclmuldq dtes64 monitor est tm2 ssse3 fma cx16 xtpr pdcm pcid sse4_1 sse4_2 movbe popcnt tsc_deadline_timer aes xsave avx f16c rdrand hypervisor lahf_lm epb fsgsbase bmi1 hle avx2 smep bmi2 erms invpcid rtm cqm mpx rdt_a avx512f avx512dq rdseed adx smap clflushopt clwb avx512cd avx512bw avx512vl xsaveopt xsavec xgetbv1 xsaves dtherm ida pln pts md_clear flush_l1d arch_capabilities
bogomips        : 5200.00
clflush size    : 64
cache_alignment : 64
address sizes   : 46 bits physical, 48 bits virtual
power management:
processor       : 16
vendor_id       : GenuineIntel
cpu family      : 6
model           : 85
model name      : Intel(R) Core(TM) i9-7980XE CPU @ 2.60GHz
stepping        : 4
microcode       : 0x2006A08
cpu MHz         : 2600.000
cache size      : 25344 KB
physical id     : 0
siblings        : 36
core id         : 26
cpu cores       : 18
apicid          : 52
initial apicid  : 52
fpu             : yes
fpu_exception   : yes
cpuid level     : 20
wp              : yes
flags           : fpu vme de pse tsc msr pae mce cx8 apic sep mtrr pge mca cmov pat pse36 clflush dts acpi mmx fxsr sse sse2 ss ht tm pbe constant_tsc arch_perfmon rep_good nopl xtopology cpuid aperfmperf pni pclmuldq dtes64 monitor est tm2 ssse3 fma cx16 xtpr pdcm pcid sse4_1 sse4_2 movbe popcnt tsc_deadline_timer aes xsave avx f16c rdrand hypervisor lahf_lm epb fsgsbase bmi1 hle avx2 smep bmi2 erms invpcid rtm cqm mpx rdt_a avx512f avx512dq rdseed adx smap clflushopt clwb avx512cd avx512bw avx512vl xsaveopt xsavec xgetbv1 xsaves dtherm ida pln pts md_clear flush_l1d arch_capabilities
bogomips        : 5200.00
clflush size    : 64
cache_alignment : 64
address sizes   : 46 bits physical, 48 bits virtual
power management:
processor       : 17
vendor_id       : GenuineIntel
cpu family      : 6
model           : 85
model name      : Intel(R) Core(TM) i9-7980XE CPU @ 2.60GHz
stepping        : 4
microcode       : 0x2006A08
cpu MHz         : 2600.000
cache size      : 25344 KB
physical id     : 0
siblings        : 36
core id         : 27
cpu cores       : 18
apicid          : 54
initial apicid  : 54
fpu             : yes
fpu_exception   : yes
cpuid level     : 20
wp              : yes
flags           : fpu vme de pse tsc msr pae mce cx8 apic sep mtrr pge mca cmov pat pse36 clflush dts acpi mmx fxsr sse sse2 ss ht tm pbe constant_tsc arch_perfmon rep_good nopl xtopology cpuid aperfmperf pni pclmuldq dtes64 monitor est tm2 ssse3 fma cx16 xtpr pdcm pcid sse4_1 sse4_2 movbe popcnt tsc_deadline_timer aes xsave avx f16c rdrand hypervisor lahf_lm epb fsgsbase bmi1 hle avx2 smep bmi2 erms invpcid rtm cqm mpx rdt_a avx512f avx512dq rdseed adx smap clflushopt clwb avx512cd avx512bw avx512vl xsaveopt xsavec xgetbv1 xsaves dtherm ida pln pts md_clear flush_l1d arch_capabilities
bogomips        : 5200.00
clflush size    : 64
cache_alignment : 64
address sizes   : 46 bits physical, 48 bits virtual
power management:                                                                                                                                                                                                                                                                                                                                                                                                                                   winpc_WSL2_gcc_llama-cpp-python.log                                                                 000644  000765  000024  00000114336 14670222432 017570  0                                                                                                    ustar 00yuu                             staff                           000000  000000                                                                                                                                                                         root@8e78f0f599cc:/app/llama-cpp-python$ python main.py
llama_model_loader: loaded meta data with 22 key-value pairs and 291 tensors from ../model/Llama-3-ELYZA-JP-8B-GGUF/Llama-3-ELYZA-JP-8B-q4_k_m.gguf (version GGUF V3 (latest))
llama_model_loader: Dumping metadata keys/values. Note: KV overrides do not apply in this output.
llama_model_loader: - kv   0:                       general.architecture str              = llama
llama_model_loader: - kv   1:                               general.name str              = Llama-3-8B-optimal-merged-stage2
llama_model_loader: - kv   2:                          llama.block_count u32              = 32
llama_model_loader: - kv   3:                       llama.context_length u32              = 8192
llama_model_loader: - kv   4:                     llama.embedding_length u32              = 4096
llama_model_loader: - kv   5:                  llama.feed_forward_length u32              = 14336
llama_model_loader: - kv   6:                 llama.attention.head_count u32              = 32
llama_model_loader: - kv   7:              llama.attention.head_count_kv u32              = 8
llama_model_loader: - kv   8:                       llama.rope.freq_base f32              = 500000.000000
llama_model_loader: - kv   9:     llama.attention.layer_norm_rms_epsilon f32              = 0.000010
llama_model_loader: - kv  10:                          general.file_type u32              = 15
llama_model_loader: - kv  11:                           llama.vocab_size u32              = 128256
llama_model_loader: - kv  12:                 llama.rope.dimension_count u32              = 128
llama_model_loader: - kv  13:                       tokenizer.ggml.model str              = gpt2
llama_model_loader: - kv  14:                         tokenizer.ggml.pre str              = llama-bpe
llama_model_loader: - kv  15:                      tokenizer.ggml.tokens arr[str,128256]  = ["!", "\"", "#", "$", "%", "&", "'", ...
llama_model_loader: - kv  16:                  tokenizer.ggml.token_type arr[i32,128256]  = [1, 1, 1, 1, 1, 1, 1, 1, 1, 1, 1, 1, ...
llama_model_loader: - kv  17:                      tokenizer.ggml.merges arr[str,280147]  = ["Ġ Ġ", "Ġ ĠĠĠ", "ĠĠ ĠĠ", "...
llama_model_loader: - kv  18:                tokenizer.ggml.bos_token_id u32              = 128000
llama_model_loader: - kv  19:                tokenizer.ggml.eos_token_id u32              = 128009
llama_model_loader: - kv  20:                    tokenizer.chat_template str              = {% set loop_messages = messages %}{% ...
llama_model_loader: - kv  21:               general.quantization_version u32              = 2
llama_model_loader: - type  f32:   65 tensors
llama_model_loader: - type q4_K:  193 tensors
llama_model_loader: - type q6_K:   33 tensors
llm_load_vocab: special tokens cache size = 256
llm_load_vocab: token to piece cache size = 0.8000 MB
llm_load_print_meta: format           = GGUF V3 (latest)
llm_load_print_meta: arch             = llama
llm_load_print_meta: vocab type       = BPE
llm_load_print_meta: n_vocab          = 128256
llm_load_print_meta: n_merges         = 280147
llm_load_print_meta: vocab_only       = 0
llm_load_print_meta: n_ctx_train      = 8192
llm_load_print_meta: n_embd           = 4096
llm_load_print_meta: n_layer          = 32
llm_load_print_meta: n_head           = 32
llm_load_print_meta: n_head_kv        = 8
llm_load_print_meta: n_rot            = 128
llm_load_print_meta: n_swa            = 0
llm_load_print_meta: n_embd_head_k    = 128
llm_load_print_meta: n_embd_head_v    = 128
llm_load_print_meta: n_gqa            = 4
llm_load_print_meta: n_embd_k_gqa     = 1024
llm_load_print_meta: n_embd_v_gqa     = 1024
llm_load_print_meta: f_norm_eps       = 0.0e+00
llm_load_print_meta: f_norm_rms_eps   = 1.0e-05
llm_load_print_meta: f_clamp_kqv      = 0.0e+00
llm_load_print_meta: f_max_alibi_bias = 0.0e+00
llm_load_print_meta: f_logit_scale    = 0.0e+00
llm_load_print_meta: n_ff             = 14336
llm_load_print_meta: n_expert         = 0
llm_load_print_meta: n_expert_used    = 0
llm_load_print_meta: causal attn      = 1
llm_load_print_meta: pooling type     = 0
llm_load_print_meta: rope type        = 0
llm_load_print_meta: rope scaling     = linear
llm_load_print_meta: freq_base_train  = 500000.0
llm_load_print_meta: freq_scale_train = 1
llm_load_print_meta: n_ctx_orig_yarn  = 8192
llm_load_print_meta: rope_finetuned   = unknown
llm_load_print_meta: ssm_d_conv       = 0
llm_load_print_meta: ssm_d_inner      = 0
llm_load_print_meta: ssm_d_state      = 0
llm_load_print_meta: ssm_dt_rank      = 0
llm_load_print_meta: ssm_dt_b_c_rms   = 0
llm_load_print_meta: model type       = 8B
llm_load_print_meta: model ftype      = Q4_K - Medium
llm_load_print_meta: model params     = 8.03 B
llm_load_print_meta: model size       = 4.58 GiB (4.89 BPW)
llm_load_print_meta: general.name     = Llama-3-8B-optimal-merged-stage2
llm_load_print_meta: BOS token        = 128000 '<|begin_of_text|>'
llm_load_print_meta: EOS token        = 128009 '<|eot_id|>'
llm_load_print_meta: LF token         = 128 'Ä'
llm_load_print_meta: EOT token        = 128009 '<|eot_id|>'
llm_load_print_meta: max token length = 256
llm_load_tensors: ggml ctx size =    0.14 MiB
llm_load_tensors:        CPU buffer size =  4685.30 MiB
........................................................................................
llama_new_context_with_model: n_ctx      = 1024
llama_new_context_with_model: n_batch    = 512
llama_new_context_with_model: n_ubatch   = 512
llama_new_context_with_model: flash_attn = 0
llama_new_context_with_model: freq_base  = 500000.0
llama_new_context_with_model: freq_scale = 1
llama_kv_cache_init:        CPU KV buffer size =   128.00 MiB
llama_new_context_with_model: KV self size  =  128.00 MiB, K (f16):   64.00 MiB, V (f16):   64.00 MiB
llama_new_context_with_model:        CPU  output buffer size =     0.49 MiB
llama_new_context_with_model:        CPU compute buffer size =   258.50 MiB
llama_new_context_with_model: graph nodes  = 1030
llama_new_context_with_model: graph splits = 1
AVX = 1 | AVX_VNNI = 0 | AVX2 = 1 | AVX512 = 1 | AVX512_VBMI = 0 | AVX512_VNNI = 0 | AVX512_BF16 = 0 | FMA = 1 | NEON = 0 | SVE = 0 | ARM_FMA = 0 | F16C = 1 | FP16_VA = 0 | WASM_SIMD = 0 | BLAS = 0 | SSE3 = 1 | SSSE3 = 1 | VSX = 0 | MATMUL_INT8 = 0 | LLAMAFILE = 1 |
Model metadata: {'tokenizer.chat_template': "{% set loop_messages = messages %}{% for message in loop_messages %}{% set content = '<|start_header_id|>' + message['role'] + '<|end_header_id|>\n\n'+ message['content'] | trim + '<|eot_id|>' %}{% if loop.index0 == 0 %}{% set content = bos_token + content %}{% endif %}{{ content }}{% endfor %}{% if add_generation_prompt %}{{ '<|start_header_id|>assistant<|end_header_id|>\n\n' }}{% endif %}", 'tokenizer.ggml.eos_token_id': '128009', 'general.quantization_version': '2', 'tokenizer.ggml.model': 'gpt2', 'general.architecture': 'llama', 'llama.rope.freq_base': '500000.000000', 'tokenizer.ggml.pre': 'llama-bpe', 'llama.context_length': '8192', 'general.name': 'Llama-3-8B-optimal-merged-stage2', 'llama.embedding_length': '4096', 'llama.feed_forward_length': '14336', 'llama.attention.layer_norm_rms_epsilon': '0.000010', 'tokenizer.ggml.bos_token_id': '128000', 'llama.attention.head_count': '32', 'llama.block_count': '32', 'llama.attention.head_count_kv': '8', 'general.file_type': '15', 'llama.vocab_size': '128256', 'llama.rope.dimension_count': '128'}
Available chat formats from metadata: chat_template.default
Guessed chat format: llama-3
「量子力学」は、原子や子粒子を研究対象にした物理学の一分野。波や粒子両方の性質を示す「量子」が基本。
llama_print_timings:        load time =     967.32 ms
llama_print_timings:      sample time =       4.13 ms /    46 runs   (    0.09 ms per token, 11143.41 tokens per second)
llama_print_timings: prompt eval time =     967.21 ms /    37 tokens (   26.14 ms per token,    38.25 tokens per second)
llama_print_timings:        eval time =    5279.75 ms /    45 runs   (  117.33 ms per token,     8.52 tokens per second)
llama_print_timings:       total time =    6307.85 ms /    82 tokens

root@8e78f0f599cc:/app/llama-cpp-python$ uname -a
Linux 8e78f0f599cc 5.15.153.1-microsoft-standard-WSL2 #1 SMP Fri Mar 29 23:14:13 UTC 2024 x86_64 GNU/Linux
root@8e78f0f599cc:/app/llama-cpp-python$ python -V
Python 3.11.10
root@8e78f0f599cc:/app/llama-cpp-python$ pip list
Package           Version
----------------- -------
diskcache         5.6.3
Jinja2            3.1.4
llama_cpp_python  0.2.90
MarkupSafe        2.1.5
numpy             2.1.1
pip               24.2
setuptools        65.5.1
typing_extensions 4.12.2
wheel             0.44.0
root@8e78f0f599cc:/app/llama-cpp-python$ gcc -v
Using built-in specs.
COLLECT_GCC=gcc
COLLECT_LTO_WRAPPER=/usr/lib/gcc/x86_64-linux-gnu/12/lto-wrapper
OFFLOAD_TARGET_NAMES=nvptx-none:amdgcn-amdhsa
OFFLOAD_TARGET_DEFAULT=1
Target: x86_64-linux-gnu
Configured with: ../src/configure -v --with-pkgversion='Debian 12.2.0-14' --with-bugurl=file:///usr/share/doc/gcc-12/README.Bugs --enable-languages=c,ada,c++,go,d,fortran,objc,obj-c++,m2 --prefix=/usr --with-gcc-major-version-only --program-suffix=-12 --program-prefix=x86_64-linux-gnu- --enable-shared --enable-linker-build-id --libexecdir=/usr/lib --without-included-gettext --enable-threads=posix --libdir=/usr/lib --enable-nls --enable-clocale=gnu --enable-libstdcxx-debug --enable-libstdcxx-time=yes --with-default-libstdcxx-abi=new --enable-gnu-unique-object --disable-vtable-verify --enable-plugin --enable-default-pie --with-system-zlib --enable-libphobos-checking=release --with-target-system-zlib=auto --enable-objc-gc=auto --enable-multiarch --disable-werror --enable-cet --with-arch-32=i686 --with-abi=m64 --with-multilib-list=m32,m64,mx32 --enable-multilib --with-tune=generic --enable-offload-targets=nvptx-none=/build/gcc-12-bTRWOB/gcc-12-12.2.0/debian/tmp-nvptx/usr,amdgcn-amdhsa=/build/gcc-12-bTRWOB/gcc-12-12.2.0/debian/tmp-gcn/usr --enable-offload-defaulted --without-cuda-driver --enable-checking=release --build=x86_64-linux-gnu --host=x86_64-linux-gnu --target=x86_64-linux-gnu
Thread model: posix
Supported LTO compression algorithms: zlib zstd
gcc version 12.2.0 (Debian 12.2.0-14)
root@8e78f0f599cc:/app/llama-cpp-python$ clang -v
bash: clang: command not found
root@8e78f0f599cc:/app/llama-cpp-python$ sha256sum ../model/Llama-3-ELYZA-JP-8B-GGUF/Llama-3-ELYZA-JP-8B-q4_k_m.gguf
91553c45080b11d95be21bb67961c9a5d2ed7556275423efaaad6df54ba9beae  ../model/Llama-3-ELYZA-JP-8B-GGUF/Llama-3-ELYZA-JP-8B-q4_k_m.gguf
root@8e78f0f599cc:/app/llama-cpp-python$ cat /proc/cpuinfo
processor       : 0
vendor_id       : GenuineIntel
cpu family      : 6
model           : 85
model name      : Intel(R) Core(TM) i9-7980XE CPU @ 2.60GHz
stepping        : 4
microcode       : 0xffffffff
cpu MHz         : 2592.000
cache size      : 25344 KB
physical id     : 0
siblings        : 18
core id         : 0
cpu cores       : 18
apicid          : 0
initial apicid  : 0
fpu             : yes
fpu_exception   : yes
cpuid level     : 22
wp              : yes
flags           : fpu vme de pse tsc msr pae mce cx8 apic sep mtrr pge mca cmov pat pse36 clflush mmx fxsr sse sse2 ss ht syscall nx pdpe1gb rdtscp lm constant_tsc arch_perfmon rep_good nopl xtopology tsc_reliable nonstop_tsc cpuid pni pclmulqdq vmx ssse3 fma cx16 pdcm pcid sse4_1 sse4_2 x2apic movbe popcnt tsc_deadline_timer aes xsave avx f16c rdrand hypervisor lahf_lm abm 3dnowprefetch invpcid_single pti ssbd ibrs ibpb stibp tpr_shadow vnmi ept vpid ept_ad fsgsbase tsc_adjust bmi1 hle avx2 smep bmi2 erms invpcid rtm avx512f avx512dq rdseed adx smap clflushopt clwb avx512cd avx512bw avx512vl xsaveopt xsavec xgetbv1 xsaves md_clear flush_l1d arch_capabilities
vmx flags       : vnmi invvpid ept_x_only ept_ad ept_1gb tsc_offset vtpr ept vpid unrestricted_guest ept_mode_based_exec tsc_scaling
bugs            : cpu_meltdown spectre_v1 spectre_v2 spec_store_bypass l1tf mds swapgs taa itlb_multihit mmio_stale_data retbleed gds
bogomips        : 5184.00
clflush size    : 64
cache_alignment : 64
address sizes   : 46 bits physical, 48 bits virtual
power management:

processor       : 1
vendor_id       : GenuineIntel
cpu family      : 6
model           : 85
model name      : Intel(R) Core(TM) i9-7980XE CPU @ 2.60GHz
stepping        : 4
microcode       : 0xffffffff
cpu MHz         : 2592.000
cache size      : 25344 KB
physical id     : 0
siblings        : 18
core id         : 1
cpu cores       : 18
apicid          : 1
initial apicid  : 1
fpu             : yes
fpu_exception   : yes
cpuid level     : 22
wp              : yes
flags           : fpu vme de pse tsc msr pae mce cx8 apic sep mtrr pge mca cmov pat pse36 clflush mmx fxsr sse sse2 ss ht syscall nx pdpe1gb rdtscp lm constant_tsc arch_perfmon rep_good nopl xtopology tsc_reliable nonstop_tsc cpuid pni pclmulqdq vmx ssse3 fma cx16 pdcm pcid sse4_1 sse4_2 x2apic movbe popcnt tsc_deadline_timer aes xsave avx f16c rdrand hypervisor lahf_lm abm 3dnowprefetch invpcid_single pti ssbd ibrs ibpb stibp tpr_shadow vnmi ept vpid ept_ad fsgsbase tsc_adjust bmi1 hle avx2 smep bmi2 erms invpcid rtm avx512f avx512dq rdseed adx smap clflushopt clwb avx512cd avx512bw avx512vl xsaveopt xsavec xgetbv1 xsaves md_clear flush_l1d arch_capabilities
vmx flags       : vnmi invvpid ept_x_only ept_ad ept_1gb tsc_offset vtpr ept vpid unrestricted_guest ept_mode_based_exec tsc_scaling
bugs            : cpu_meltdown spectre_v1 spectre_v2 spec_store_bypass l1tf mds swapgs taa itlb_multihit mmio_stale_data retbleed gds
bogomips        : 5184.00
clflush size    : 64
cache_alignment : 64
address sizes   : 46 bits physical, 48 bits virtual
power management:

processor       : 2
vendor_id       : GenuineIntel
cpu family      : 6
model           : 85
model name      : Intel(R) Core(TM) i9-7980XE CPU @ 2.60GHz
stepping        : 4
microcode       : 0xffffffff
cpu MHz         : 2592.000
cache size      : 25344 KB
physical id     : 0
siblings        : 18
core id         : 2
cpu cores       : 18
apicid          : 2
initial apicid  : 2
fpu             : yes
fpu_exception   : yes
cpuid level     : 22
wp              : yes
flags           : fpu vme de pse tsc msr pae mce cx8 apic sep mtrr pge mca cmov pat pse36 clflush mmx fxsr sse sse2 ss ht syscall nx pdpe1gb rdtscp lm constant_tsc arch_perfmon rep_good nopl xtopology tsc_reliable nonstop_tsc cpuid pni pclmulqdq vmx ssse3 fma cx16 pdcm pcid sse4_1 sse4_2 x2apic movbe popcnt tsc_deadline_timer aes xsave avx f16c rdrand hypervisor lahf_lm abm 3dnowprefetch invpcid_single pti ssbd ibrs ibpb stibp tpr_shadow vnmi ept vpid ept_ad fsgsbase tsc_adjust bmi1 hle avx2 smep bmi2 erms invpcid rtm avx512f avx512dq rdseed adx smap clflushopt clwb avx512cd avx512bw avx512vl xsaveopt xsavec xgetbv1 xsaves md_clear flush_l1d arch_capabilities
vmx flags       : vnmi invvpid ept_x_only ept_ad ept_1gb tsc_offset vtpr ept vpid unrestricted_guest ept_mode_based_exec tsc_scaling
bugs            : cpu_meltdown spectre_v1 spectre_v2 spec_store_bypass l1tf mds swapgs taa itlb_multihit mmio_stale_data retbleed gds
bogomips        : 5184.00
clflush size    : 64
cache_alignment : 64
address sizes   : 46 bits physical, 48 bits virtual
power management:

processor       : 3
vendor_id       : GenuineIntel
cpu family      : 6
model           : 85
model name      : Intel(R) Core(TM) i9-7980XE CPU @ 2.60GHz
stepping        : 4
microcode       : 0xffffffff
cpu MHz         : 2592.000
cache size      : 25344 KB
physical id     : 0
siblings        : 18
core id         : 3
cpu cores       : 18
apicid          : 3
initial apicid  : 3
fpu             : yes
fpu_exception   : yes
cpuid level     : 22
wp              : yes
flags           : fpu vme de pse tsc msr pae mce cx8 apic sep mtrr pge mca cmov pat pse36 clflush mmx fxsr sse sse2 ss ht syscall nx pdpe1gb rdtscp lm constant_tsc arch_perfmon rep_good nopl xtopology tsc_reliable nonstop_tsc cpuid pni pclmulqdq vmx ssse3 fma cx16 pdcm pcid sse4_1 sse4_2 x2apic movbe popcnt tsc_deadline_timer aes xsave avx f16c rdrand hypervisor lahf_lm abm 3dnowprefetch invpcid_single pti ssbd ibrs ibpb stibp tpr_shadow vnmi ept vpid ept_ad fsgsbase tsc_adjust bmi1 hle avx2 smep bmi2 erms invpcid rtm avx512f avx512dq rdseed adx smap clflushopt clwb avx512cd avx512bw avx512vl xsaveopt xsavec xgetbv1 xsaves md_clear flush_l1d arch_capabilities
vmx flags       : vnmi invvpid ept_x_only ept_ad ept_1gb tsc_offset vtpr ept vpid unrestricted_guest ept_mode_based_exec tsc_scaling
bugs            : cpu_meltdown spectre_v1 spectre_v2 spec_store_bypass l1tf mds swapgs taa itlb_multihit mmio_stale_data retbleed gds
bogomips        : 5184.00
clflush size    : 64
cache_alignment : 64
address sizes   : 46 bits physical, 48 bits virtual
power management:

processor       : 4
vendor_id       : GenuineIntel
cpu family      : 6
model           : 85
model name      : Intel(R) Core(TM) i9-7980XE CPU @ 2.60GHz
stepping        : 4
microcode       : 0xffffffff
cpu MHz         : 2592.000
cache size      : 25344 KB
physical id     : 0
siblings        : 18
core id         : 4
cpu cores       : 18
apicid          : 4
initial apicid  : 4
fpu             : yes
fpu_exception   : yes
cpuid level     : 22
wp              : yes
flags           : fpu vme de pse tsc msr pae mce cx8 apic sep mtrr pge mca cmov pat pse36 clflush mmx fxsr sse sse2 ss ht syscall nx pdpe1gb rdtscp lm constant_tsc arch_perfmon rep_good nopl xtopology tsc_reliable nonstop_tsc cpuid pni pclmulqdq vmx ssse3 fma cx16 pdcm pcid sse4_1 sse4_2 x2apic movbe popcnt tsc_deadline_timer aes xsave avx f16c rdrand hypervisor lahf_lm abm 3dnowprefetch invpcid_single pti ssbd ibrs ibpb stibp tpr_shadow vnmi ept vpid ept_ad fsgsbase tsc_adjust bmi1 hle avx2 smep bmi2 erms invpcid rtm avx512f avx512dq rdseed adx smap clflushopt clwb avx512cd avx512bw avx512vl xsaveopt xsavec xgetbv1 xsaves md_clear flush_l1d arch_capabilities
vmx flags       : vnmi invvpid ept_x_only ept_ad ept_1gb tsc_offset vtpr ept vpid unrestricted_guest ept_mode_based_exec tsc_scaling
bugs            : cpu_meltdown spectre_v1 spectre_v2 spec_store_bypass l1tf mds swapgs taa itlb_multihit mmio_stale_data retbleed gds
bogomips        : 5184.00
clflush size    : 64
cache_alignment : 64
address sizes   : 46 bits physical, 48 bits virtual
power management:

processor       : 5
vendor_id       : GenuineIntel
cpu family      : 6
model           : 85
model name      : Intel(R) Core(TM) i9-7980XE CPU @ 2.60GHz
stepping        : 4
microcode       : 0xffffffff
cpu MHz         : 2592.000
cache size      : 25344 KB
physical id     : 0
siblings        : 18
core id         : 5
cpu cores       : 18
apicid          : 5
initial apicid  : 5
fpu             : yes
fpu_exception   : yes
cpuid level     : 22
wp              : yes
flags           : fpu vme de pse tsc msr pae mce cx8 apic sep mtrr pge mca cmov pat pse36 clflush mmx fxsr sse sse2 ss ht syscall nx pdpe1gb rdtscp lm constant_tsc arch_perfmon rep_good nopl xtopology tsc_reliable nonstop_tsc cpuid pni pclmulqdq vmx ssse3 fma cx16 pdcm pcid sse4_1 sse4_2 x2apic movbe popcnt tsc_deadline_timer aes xsave avx f16c rdrand hypervisor lahf_lm abm 3dnowprefetch invpcid_single pti ssbd ibrs ibpb stibp tpr_shadow vnmi ept vpid ept_ad fsgsbase tsc_adjust bmi1 hle avx2 smep bmi2 erms invpcid rtm avx512f avx512dq rdseed adx smap clflushopt clwb avx512cd avx512bw avx512vl xsaveopt xsavec xgetbv1 xsaves md_clear flush_l1d arch_capabilities
vmx flags       : vnmi invvpid ept_x_only ept_ad ept_1gb tsc_offset vtpr ept vpid unrestricted_guest ept_mode_based_exec tsc_scaling
bugs            : cpu_meltdown spectre_v1 spectre_v2 spec_store_bypass l1tf mds swapgs taa itlb_multihit mmio_stale_data retbleed gds
bogomips        : 5184.00
clflush size    : 64
cache_alignment : 64
address sizes   : 46 bits physical, 48 bits virtual
power management:

processor       : 6
vendor_id       : GenuineIntel
cpu family      : 6
model           : 85
model name      : Intel(R) Core(TM) i9-7980XE CPU @ 2.60GHz
stepping        : 4
microcode       : 0xffffffff
cpu MHz         : 2592.000
cache size      : 25344 KB
physical id     : 0
siblings        : 18
core id         : 6
cpu cores       : 18
apicid          : 6
initial apicid  : 6
fpu             : yes
fpu_exception   : yes
cpuid level     : 22
wp              : yes
flags           : fpu vme de pse tsc msr pae mce cx8 apic sep mtrr pge mca cmov pat pse36 clflush mmx fxsr sse sse2 ss ht syscall nx pdpe1gb rdtscp lm constant_tsc arch_perfmon rep_good nopl xtopology tsc_reliable nonstop_tsc cpuid pni pclmulqdq vmx ssse3 fma cx16 pdcm pcid sse4_1 sse4_2 x2apic movbe popcnt tsc_deadline_timer aes xsave avx f16c rdrand hypervisor lahf_lm abm 3dnowprefetch invpcid_single pti ssbd ibrs ibpb stibp tpr_shadow vnmi ept vpid ept_ad fsgsbase tsc_adjust bmi1 hle avx2 smep bmi2 erms invpcid rtm avx512f avx512dq rdseed adx smap clflushopt clwb avx512cd avx512bw avx512vl xsaveopt xsavec xgetbv1 xsaves md_clear flush_l1d arch_capabilities
vmx flags       : vnmi invvpid ept_x_only ept_ad ept_1gb tsc_offset vtpr ept vpid unrestricted_guest ept_mode_based_exec tsc_scaling
bugs            : cpu_meltdown spectre_v1 spectre_v2 spec_store_bypass l1tf mds swapgs taa itlb_multihit mmio_stale_data retbleed gds
bogomips        : 5184.00
clflush size    : 64
cache_alignment : 64
address sizes   : 46 bits physical, 48 bits virtual
power management:

processor       : 7
vendor_id       : GenuineIntel
cpu family      : 6
model           : 85
model name      : Intel(R) Core(TM) i9-7980XE CPU @ 2.60GHz
stepping        : 4
microcode       : 0xffffffff
cpu MHz         : 2592.000
cache size      : 25344 KB
physical id     : 0
siblings        : 18
core id         : 7
cpu cores       : 18
apicid          : 7
initial apicid  : 7
fpu             : yes
fpu_exception   : yes
cpuid level     : 22
wp              : yes
flags           : fpu vme de pse tsc msr pae mce cx8 apic sep mtrr pge mca cmov pat pse36 clflush mmx fxsr sse sse2 ss ht syscall nx pdpe1gb rdtscp lm constant_tsc arch_perfmon rep_good nopl xtopology tsc_reliable nonstop_tsc cpuid pni pclmulqdq vmx ssse3 fma cx16 pdcm pcid sse4_1 sse4_2 x2apic movbe popcnt tsc_deadline_timer aes xsave avx f16c rdrand hypervisor lahf_lm abm 3dnowprefetch invpcid_single pti ssbd ibrs ibpb stibp tpr_shadow vnmi ept vpid ept_ad fsgsbase tsc_adjust bmi1 hle avx2 smep bmi2 erms invpcid rtm avx512f avx512dq rdseed adx smap clflushopt clwb avx512cd avx512bw avx512vl xsaveopt xsavec xgetbv1 xsaves md_clear flush_l1d arch_capabilities
vmx flags       : vnmi invvpid ept_x_only ept_ad ept_1gb tsc_offset vtpr ept vpid unrestricted_guest ept_mode_based_exec tsc_scaling
bugs            : cpu_meltdown spectre_v1 spectre_v2 spec_store_bypass l1tf mds swapgs taa itlb_multihit mmio_stale_data retbleed gds
bogomips        : 5184.00
clflush size    : 64
cache_alignment : 64
address sizes   : 46 bits physical, 48 bits virtual
power management:

processor       : 8
vendor_id       : GenuineIntel
cpu family      : 6
model           : 85
model name      : Intel(R) Core(TM) i9-7980XE CPU @ 2.60GHz
stepping        : 4
microcode       : 0xffffffff
cpu MHz         : 2592.000
cache size      : 25344 KB
physical id     : 0
siblings        : 18
core id         : 8
cpu cores       : 18
apicid          : 8
initial apicid  : 8
fpu             : yes
fpu_exception   : yes
cpuid level     : 22
wp              : yes
flags           : fpu vme de pse tsc msr pae mce cx8 apic sep mtrr pge mca cmov pat pse36 clflush mmx fxsr sse sse2 ss ht syscall nx pdpe1gb rdtscp lm constant_tsc arch_perfmon rep_good nopl xtopology tsc_reliable nonstop_tsc cpuid pni pclmulqdq vmx ssse3 fma cx16 pdcm pcid sse4_1 sse4_2 x2apic movbe popcnt tsc_deadline_timer aes xsave avx f16c rdrand hypervisor lahf_lm abm 3dnowprefetch invpcid_single pti ssbd ibrs ibpb stibp tpr_shadow vnmi ept vpid ept_ad fsgsbase tsc_adjust bmi1 hle avx2 smep bmi2 erms invpcid rtm avx512f avx512dq rdseed adx smap clflushopt clwb avx512cd avx512bw avx512vl xsaveopt xsavec xgetbv1 xsaves md_clear flush_l1d arch_capabilities
vmx flags       : vnmi invvpid ept_x_only ept_ad ept_1gb tsc_offset vtpr ept vpid unrestricted_guest ept_mode_based_exec tsc_scaling
bugs            : cpu_meltdown spectre_v1 spectre_v2 spec_store_bypass l1tf mds swapgs taa itlb_multihit mmio_stale_data retbleed gds
bogomips        : 5184.00
clflush size    : 64
cache_alignment : 64
address sizes   : 46 bits physical, 48 bits virtual
power management:

processor       : 9
vendor_id       : GenuineIntel
cpu family      : 6
model           : 85
model name      : Intel(R) Core(TM) i9-7980XE CPU @ 2.60GHz
stepping        : 4
microcode       : 0xffffffff
cpu MHz         : 2592.000
cache size      : 25344 KB
physical id     : 0
siblings        : 18
core id         : 9
cpu cores       : 18
apicid          : 9
initial apicid  : 9
fpu             : yes
fpu_exception   : yes
cpuid level     : 22
wp              : yes
flags           : fpu vme de pse tsc msr pae mce cx8 apic sep mtrr pge mca cmov pat pse36 clflush mmx fxsr sse sse2 ss ht syscall nx pdpe1gb rdtscp lm constant_tsc arch_perfmon rep_good nopl xtopology tsc_reliable nonstop_tsc cpuid pni pclmulqdq vmx ssse3 fma cx16 pdcm pcid sse4_1 sse4_2 x2apic movbe popcnt tsc_deadline_timer aes xsave avx f16c rdrand hypervisor lahf_lm abm 3dnowprefetch invpcid_single pti ssbd ibrs ibpb stibp tpr_shadow vnmi ept vpid ept_ad fsgsbase tsc_adjust bmi1 hle avx2 smep bmi2 erms invpcid rtm avx512f avx512dq rdseed adx smap clflushopt clwb avx512cd avx512bw avx512vl xsaveopt xsavec xgetbv1 xsaves md_clear flush_l1d arch_capabilities
vmx flags       : vnmi invvpid ept_x_only ept_ad ept_1gb tsc_offset vtpr ept vpid unrestricted_guest ept_mode_based_exec tsc_scaling
bugs            : cpu_meltdown spectre_v1 spectre_v2 spec_store_bypass l1tf mds swapgs taa itlb_multihit mmio_stale_data retbleed gds
bogomips        : 5184.00
clflush size    : 64
cache_alignment : 64
address sizes   : 46 bits physical, 48 bits virtual
power management:

processor       : 10
vendor_id       : GenuineIntel
cpu family      : 6
model           : 85
model name      : Intel(R) Core(TM) i9-7980XE CPU @ 2.60GHz
stepping        : 4
microcode       : 0xffffffff
cpu MHz         : 2592.000
cache size      : 25344 KB
physical id     : 0
siblings        : 18
core id         : 10
cpu cores       : 18
apicid          : 10
initial apicid  : 10
fpu             : yes
fpu_exception   : yes
cpuid level     : 22
wp              : yes
flags           : fpu vme de pse tsc msr pae mce cx8 apic sep mtrr pge mca cmov pat pse36 clflush mmx fxsr sse sse2 ss ht syscall nx pdpe1gb rdtscp lm constant_tsc arch_perfmon rep_good nopl xtopology tsc_reliable nonstop_tsc cpuid pni pclmulqdq vmx ssse3 fma cx16 pdcm pcid sse4_1 sse4_2 x2apic movbe popcnt tsc_deadline_timer aes xsave avx f16c rdrand hypervisor lahf_lm abm 3dnowprefetch invpcid_single pti ssbd ibrs ibpb stibp tpr_shadow vnmi ept vpid ept_ad fsgsbase tsc_adjust bmi1 hle avx2 smep bmi2 erms invpcid rtm avx512f avx512dq rdseed adx smap clflushopt clwb avx512cd avx512bw avx512vl xsaveopt xsavec xgetbv1 xsaves md_clear flush_l1d arch_capabilities
vmx flags       : vnmi invvpid ept_x_only ept_ad ept_1gb tsc_offset vtpr ept vpid unrestricted_guest ept_mode_based_exec tsc_scaling
bugs            : cpu_meltdown spectre_v1 spectre_v2 spec_store_bypass l1tf mds swapgs taa itlb_multihit mmio_stale_data retbleed gds
bogomips        : 5184.00
clflush size    : 64
cache_alignment : 64
address sizes   : 46 bits physical, 48 bits virtual
power management:

processor       : 11
vendor_id       : GenuineIntel
cpu family      : 6
model           : 85
model name      : Intel(R) Core(TM) i9-7980XE CPU @ 2.60GHz
stepping        : 4
microcode       : 0xffffffff
cpu MHz         : 2592.000
cache size      : 25344 KB
physical id     : 0
siblings        : 18
core id         : 11
cpu cores       : 18
apicid          : 11
initial apicid  : 11
fpu             : yes
fpu_exception   : yes
cpuid level     : 22
wp              : yes
flags           : fpu vme de pse tsc msr pae mce cx8 apic sep mtrr pge mca cmov pat pse36 clflush mmx fxsr sse sse2 ss ht syscall nx pdpe1gb rdtscp lm constant_tsc arch_perfmon rep_good nopl xtopology tsc_reliable nonstop_tsc cpuid pni pclmulqdq vmx ssse3 fma cx16 pdcm pcid sse4_1 sse4_2 x2apic movbe popcnt tsc_deadline_timer aes xsave avx f16c rdrand hypervisor lahf_lm abm 3dnowprefetch invpcid_single pti ssbd ibrs ibpb stibp tpr_shadow vnmi ept vpid ept_ad fsgsbase tsc_adjust bmi1 hle avx2 smep bmi2 erms invpcid rtm avx512f avx512dq rdseed adx smap clflushopt clwb avx512cd avx512bw avx512vl xsaveopt xsavec xgetbv1 xsaves md_clear flush_l1d arch_capabilities
vmx flags       : vnmi invvpid ept_x_only ept_ad ept_1gb tsc_offset vtpr ept vpid unrestricted_guest ept_mode_based_exec tsc_scaling
bugs            : cpu_meltdown spectre_v1 spectre_v2 spec_store_bypass l1tf mds swapgs taa itlb_multihit mmio_stale_data retbleed gds
bogomips        : 5184.00
clflush size    : 64
cache_alignment : 64
address sizes   : 46 bits physical, 48 bits virtual
power management:

processor       : 12
vendor_id       : GenuineIntel
cpu family      : 6
model           : 85
model name      : Intel(R) Core(TM) i9-7980XE CPU @ 2.60GHz
stepping        : 4
microcode       : 0xffffffff
cpu MHz         : 2592.000
cache size      : 25344 KB
physical id     : 0
siblings        : 18
core id         : 12
cpu cores       : 18
apicid          : 12
initial apicid  : 12
fpu             : yes
fpu_exception   : yes
cpuid level     : 22
wp              : yes
flags           : fpu vme de pse tsc msr pae mce cx8 apic sep mtrr pge mca cmov pat pse36 clflush mmx fxsr sse sse2 ss ht syscall nx pdpe1gb rdtscp lm constant_tsc arch_perfmon rep_good nopl xtopology tsc_reliable nonstop_tsc cpuid pni pclmulqdq vmx ssse3 fma cx16 pdcm pcid sse4_1 sse4_2 x2apic movbe popcnt tsc_deadline_timer aes xsave avx f16c rdrand hypervisor lahf_lm abm 3dnowprefetch invpcid_single pti ssbd ibrs ibpb stibp tpr_shadow vnmi ept vpid ept_ad fsgsbase tsc_adjust bmi1 hle avx2 smep bmi2 erms invpcid rtm avx512f avx512dq rdseed adx smap clflushopt clwb avx512cd avx512bw avx512vl xsaveopt xsavec xgetbv1 xsaves md_clear flush_l1d arch_capabilities
vmx flags       : vnmi invvpid ept_x_only ept_ad ept_1gb tsc_offset vtpr ept vpid unrestricted_guest ept_mode_based_exec tsc_scaling
bugs            : cpu_meltdown spectre_v1 spectre_v2 spec_store_bypass l1tf mds swapgs taa itlb_multihit mmio_stale_data retbleed gds
bogomips        : 5184.00
clflush size    : 64
cache_alignment : 64
address sizes   : 46 bits physical, 48 bits virtual
power management:

processor       : 13
vendor_id       : GenuineIntel
cpu family      : 6
model           : 85
model name      : Intel(R) Core(TM) i9-7980XE CPU @ 2.60GHz
stepping        : 4
microcode       : 0xffffffff
cpu MHz         : 2592.000
cache size      : 25344 KB
physical id     : 0
siblings        : 18
core id         : 13
cpu cores       : 18
apicid          : 13
initial apicid  : 13
fpu             : yes
fpu_exception   : yes
cpuid level     : 22
wp              : yes
flags           : fpu vme de pse tsc msr pae mce cx8 apic sep mtrr pge mca cmov pat pse36 clflush mmx fxsr sse sse2 ss ht syscall nx pdpe1gb rdtscp lm constant_tsc arch_perfmon rep_good nopl xtopology tsc_reliable nonstop_tsc cpuid pni pclmulqdq vmx ssse3 fma cx16 pdcm pcid sse4_1 sse4_2 x2apic movbe popcnt tsc_deadline_timer aes xsave avx f16c rdrand hypervisor lahf_lm abm 3dnowprefetch invpcid_single pti ssbd ibrs ibpb stibp tpr_shadow vnmi ept vpid ept_ad fsgsbase tsc_adjust bmi1 hle avx2 smep bmi2 erms invpcid rtm avx512f avx512dq rdseed adx smap clflushopt clwb avx512cd avx512bw avx512vl xsaveopt xsavec xgetbv1 xsaves md_clear flush_l1d arch_capabilities
vmx flags       : vnmi invvpid ept_x_only ept_ad ept_1gb tsc_offset vtpr ept vpid unrestricted_guest ept_mode_based_exec tsc_scaling
bugs            : cpu_meltdown spectre_v1 spectre_v2 spec_store_bypass l1tf mds swapgs taa itlb_multihit mmio_stale_data retbleed gds
bogomips        : 5184.00
clflush size    : 64
cache_alignment : 64
address sizes   : 46 bits physical, 48 bits virtual
power management:

processor       : 14
vendor_id       : GenuineIntel
cpu family      : 6
model           : 85
model name      : Intel(R) Core(TM) i9-7980XE CPU @ 2.60GHz
stepping        : 4
microcode       : 0xffffffff
cpu MHz         : 2592.000
cache size      : 25344 KB
physical id     : 0
siblings        : 18
core id         : 14
cpu cores       : 18
apicid          : 14
initial apicid  : 14
fpu             : yes
fpu_exception   : yes
cpuid level     : 22
wp              : yes
flags           : fpu vme de pse tsc msr pae mce cx8 apic sep mtrr pge mca cmov pat pse36 clflush mmx fxsr sse sse2 ss ht syscall nx pdpe1gb rdtscp lm constant_tsc arch_perfmon rep_good nopl xtopology tsc_reliable nonstop_tsc cpuid pni pclmulqdq vmx ssse3 fma cx16 pdcm pcid sse4_1 sse4_2 x2apic movbe popcnt tsc_deadline_timer aes xsave avx f16c rdrand hypervisor lahf_lm abm 3dnowprefetch invpcid_single pti ssbd ibrs ibpb stibp tpr_shadow vnmi ept vpid ept_ad fsgsbase tsc_adjust bmi1 hle avx2 smep bmi2 erms invpcid rtm avx512f avx512dq rdseed adx smap clflushopt clwb avx512cd avx512bw avx512vl xsaveopt xsavec xgetbv1 xsaves md_clear flush_l1d arch_capabilities
vmx flags       : vnmi invvpid ept_x_only ept_ad ept_1gb tsc_offset vtpr ept vpid unrestricted_guest ept_mode_based_exec tsc_scaling
bugs            : cpu_meltdown spectre_v1 spectre_v2 spec_store_bypass l1tf mds swapgs taa itlb_multihit mmio_stale_data retbleed gds
bogomips        : 5184.00
clflush size    : 64
cache_alignment : 64
address sizes   : 46 bits physical, 48 bits virtual
power management:

processor       : 15
vendor_id       : GenuineIntel
cpu family      : 6
model           : 85
model name      : Intel(R) Core(TM) i9-7980XE CPU @ 2.60GHz
stepping        : 4
microcode       : 0xffffffff
cpu MHz         : 2592.000
cache size      : 25344 KB
physical id     : 0
siblings        : 18
core id         : 15
cpu cores       : 18
apicid          : 15
initial apicid  : 15
fpu             : yes
fpu_exception   : yes
cpuid level     : 22
wp              : yes
flags           : fpu vme de pse tsc msr pae mce cx8 apic sep mtrr pge mca cmov pat pse36 clflush mmx fxsr sse sse2 ss ht syscall nx pdpe1gb rdtscp lm constant_tsc arch_perfmon rep_good nopl xtopology tsc_reliable nonstop_tsc cpuid pni pclmulqdq vmx ssse3 fma cx16 pdcm pcid sse4_1 sse4_2 x2apic movbe popcnt tsc_deadline_timer aes xsave avx f16c rdrand hypervisor lahf_lm abm 3dnowprefetch invpcid_single pti ssbd ibrs ibpb stibp tpr_shadow vnmi ept vpid ept_ad fsgsbase tsc_adjust bmi1 hle avx2 smep bmi2 erms invpcid rtm avx512f avx512dq rdseed adx smap clflushopt clwb avx512cd avx512bw avx512vl xsaveopt xsavec xgetbv1 xsaves md_clear flush_l1d arch_capabilities
vmx flags       : vnmi invvpid ept_x_only ept_ad ept_1gb tsc_offset vtpr ept vpid unrestricted_guest ept_mode_based_exec tsc_scaling
bugs            : cpu_meltdown spectre_v1 spectre_v2 spec_store_bypass l1tf mds swapgs taa itlb_multihit mmio_stale_data retbleed gds
bogomips        : 5184.00
clflush size    : 64
cache_alignment : 64
address sizes   : 46 bits physical, 48 bits virtual
power management:

processor       : 16
vendor_id       : GenuineIntel
cpu family      : 6
model           : 85
model name      : Intel(R) Core(TM) i9-7980XE CPU @ 2.60GHz
stepping        : 4
microcode       : 0xffffffff
cpu MHz         : 2592.000
cache size      : 25344 KB
physical id     : 0
siblings        : 18
core id         : 16
cpu cores       : 18
apicid          : 16
initial apicid  : 16
fpu             : yes
fpu_exception   : yes
cpuid level     : 22
wp              : yes
flags           : fpu vme de pse tsc msr pae mce cx8 apic sep mtrr pge mca cmov pat pse36 clflush mmx fxsr sse sse2 ss ht syscall nx pdpe1gb rdtscp lm constant_tsc arch_perfmon rep_good nopl xtopology tsc_reliable nonstop_tsc cpuid pni pclmulqdq vmx ssse3 fma cx16 pdcm pcid sse4_1 sse4_2 x2apic movbe popcnt tsc_deadline_timer aes xsave avx f16c rdrand hypervisor lahf_lm abm 3dnowprefetch invpcid_single pti ssbd ibrs ibpb stibp tpr_shadow vnmi ept vpid ept_ad fsgsbase tsc_adjust bmi1 hle avx2 smep bmi2 erms invpcid rtm avx512f avx512dq rdseed adx smap clflushopt clwb avx512cd avx512bw avx512vl xsaveopt xsavec xgetbv1 xsaves md_clear flush_l1d arch_capabilities
vmx flags       : vnmi invvpid ept_x_only ept_ad ept_1gb tsc_offset vtpr ept vpid unrestricted_guest ept_mode_based_exec tsc_scaling
bugs            : cpu_meltdown spectre_v1 spectre_v2 spec_store_bypass l1tf mds swapgs taa itlb_multihit mmio_stale_data retbleed gds
bogomips        : 5184.00
clflush size    : 64
cache_alignment : 64
address sizes   : 46 bits physical, 48 bits virtual
power management:

processor       : 17
vendor_id       : GenuineIntel
cpu family      : 6
model           : 85
model name      : Intel(R) Core(TM) i9-7980XE CPU @ 2.60GHz
stepping        : 4
microcode       : 0xffffffff
cpu MHz         : 2592.000
cache size      : 25344 KB
physical id     : 0
siblings        : 18
core id         : 17
cpu cores       : 18
apicid          : 17
initial apicid  : 17
fpu             : yes
fpu_exception   : yes
cpuid level     : 22
wp              : yes
flags           : fpu vme de pse tsc msr pae mce cx8 apic sep mtrr pge mca cmov pat pse36 clflush mmx fxsr sse sse2 ss ht syscall nx pdpe1gb rdtscp lm constant_tsc arch_perfmon rep_good nopl xtopology tsc_reliable nonstop_tsc cpuid pni pclmulqdq vmx ssse3 fma cx16 pdcm pcid sse4_1 sse4_2 x2apic movbe popcnt tsc_deadline_timer aes xsave avx f16c rdrand hypervisor lahf_lm abm 3dnowprefetch invpcid_single pti ssbd ibrs ibpb stibp tpr_shadow vnmi ept vpid ept_ad fsgsbase tsc_adjust bmi1 hle avx2 smep bmi2 erms invpcid rtm avx512f avx512dq rdseed adx smap clflushopt clwb avx512cd avx512bw avx512vl xsaveopt xsavec xgetbv1 xsaves md_clear flush_l1d arch_capabilities
vmx flags       : vnmi invvpid ept_x_only ept_ad ept_1gb tsc_offset vtpr ept vpid unrestricted_guest ept_mode_based_exec tsc_scaling
bugs            : cpu_meltdown spectre_v1 spectre_v2 spec_store_bypass l1tf mds swapgs taa itlb_multihit mmio_stale_data retbleed gds
bogomips        : 5184.00
clflush size    : 64
cache_alignment : 64
address sizes   : 46 bits physical, 48 bits virtual
power management:
DESKTOP-NBRPOP4% cat main.py
from llama_cpp import Llama

model_path = "../model/Llama-3-ELYZA-JP-8B-GGUF/Llama-3-ELYZA-JP-8B-q4_k_m.gguf"

llm = Llama(
    model_path=model_path,
    n_ctx=1024,
    seed=42,
)

system_prompt = "you are a helpful assistant"
user_question = "量子力学について日本語20文字以内で教えて下さい。"

output = llm.create_chat_completion(
    messages=[
        {"role": "system", "content": system_prompt},
        {"role": "user", "content": user_question}
    ],
    temperature=0.7,
    max_tokens=1024,
    stream=True,
)

for chunk in output:
    if chunk['choices'][0]['delta'].get('content'):
        content = chunk['choices'][0]['delta']['content']
        print(content, end='', flush=True)
print()                                                                                                                                                                                                                                                                                                                                                                                                                                                                                                                                                                                                                                                                                                                                                                                                                                                                                                                                                                                                                                                                                                                                                                                                                                                                                                                                                                  
